Archive member included to satisfy reference by file (symbol)

/Applications/STM32CubeIDE.app/Contents/Eclipse/plugins/com.st.stm32cube.ide.mcu.externaltools.gnu-tools-for-stm32.12.3.rel1.macos64_1.1.0.202410301201/tools/bin/../lib/gcc/arm-none-eabi/12.3.1/../../../../arm-none-eabi/lib/thumb/v7e-m+fp/hard/libstdc++.a(del_opv.o)
                              ./Src/JPEGDecoder.o (operator delete[](void*))
/Applications/STM32CubeIDE.app/Contents/Eclipse/plugins/com.st.stm32cube.ide.mcu.externaltools.gnu-tools-for-stm32.12.3.rel1.macos64_1.1.0.202410301201/tools/bin/../lib/gcc/arm-none-eabi/12.3.1/../../../../arm-none-eabi/lib/thumb/v7e-m+fp/hard/libstdc++.a(new_opv.o)
                              ./Src/JPEGDecoder.o (operator new[](unsigned int))
/Applications/STM32CubeIDE.app/Contents/Eclipse/plugins/com.st.stm32cube.ide.mcu.externaltools.gnu-tools-for-stm32.12.3.rel1.macos64_1.1.0.202410301201/tools/bin/../lib/gcc/arm-none-eabi/12.3.1/../../../../arm-none-eabi/lib/thumb/v7e-m+fp/hard/libstdc++.a(del_op.o)
                              /Applications/STM32CubeIDE.app/Contents/Eclipse/plugins/com.st.stm32cube.ide.mcu.externaltools.gnu-tools-for-stm32.12.3.rel1.macos64_1.1.0.202410301201/tools/bin/../lib/gcc/arm-none-eabi/12.3.1/../../../../arm-none-eabi/lib/thumb/v7e-m+fp/hard/libstdc++.a(del_opv.o) (operator delete(void*))
/Applications/STM32CubeIDE.app/Contents/Eclipse/plugins/com.st.stm32cube.ide.mcu.externaltools.gnu-tools-for-stm32.12.3.rel1.macos64_1.1.0.202410301201/tools/bin/../lib/gcc/arm-none-eabi/12.3.1/../../../../arm-none-eabi/lib/thumb/v7e-m+fp/hard/libstdc++.a(new_op.o)
                              /Applications/STM32CubeIDE.app/Contents/Eclipse/plugins/com.st.stm32cube.ide.mcu.externaltools.gnu-tools-for-stm32.12.3.rel1.macos64_1.1.0.202410301201/tools/bin/../lib/gcc/arm-none-eabi/12.3.1/../../../../arm-none-eabi/lib/thumb/v7e-m+fp/hard/libstdc++.a(new_opv.o) (operator new(unsigned int))
/Applications/STM32CubeIDE.app/Contents/Eclipse/plugins/com.st.stm32cube.ide.mcu.externaltools.gnu-tools-for-stm32.12.3.rel1.macos64_1.1.0.202410301201/tools/bin/../lib/gcc/arm-none-eabi/12.3.1/../../../../arm-none-eabi/lib/thumb/v7e-m+fp/hard/libstdc++.a(bad_alloc.o)
                              /Applications/STM32CubeIDE.app/Contents/Eclipse/plugins/com.st.stm32cube.ide.mcu.externaltools.gnu-tools-for-stm32.12.3.rel1.macos64_1.1.0.202410301201/tools/bin/../lib/gcc/arm-none-eabi/12.3.1/../../../../arm-none-eabi/lib/thumb/v7e-m+fp/hard/libstdc++.a(new_op.o) (vtable for std::bad_alloc)
/Applications/STM32CubeIDE.app/Contents/Eclipse/plugins/com.st.stm32cube.ide.mcu.externaltools.gnu-tools-for-stm32.12.3.rel1.macos64_1.1.0.202410301201/tools/bin/../lib/gcc/arm-none-eabi/12.3.1/../../../../arm-none-eabi/lib/thumb/v7e-m+fp/hard/libstdc++.a(del_ops.o)
                              /Applications/STM32CubeIDE.app/Contents/Eclipse/plugins/com.st.stm32cube.ide.mcu.externaltools.gnu-tools-for-stm32.12.3.rel1.macos64_1.1.0.202410301201/tools/bin/../lib/gcc/arm-none-eabi/12.3.1/../../../../arm-none-eabi/lib/thumb/v7e-m+fp/hard/libstdc++.a(bad_alloc.o) (operator delete(void*, unsigned int))
/Applications/STM32CubeIDE.app/Contents/Eclipse/plugins/com.st.stm32cube.ide.mcu.externaltools.gnu-tools-for-stm32.12.3.rel1.macos64_1.1.0.202410301201/tools/bin/../lib/gcc/arm-none-eabi/12.3.1/../../../../arm-none-eabi/lib/thumb/v7e-m+fp/hard/libstdc++.a(eh_alloc.o)
                              /Applications/STM32CubeIDE.app/Contents/Eclipse/plugins/com.st.stm32cube.ide.mcu.externaltools.gnu-tools-for-stm32.12.3.rel1.macos64_1.1.0.202410301201/tools/bin/../lib/gcc/arm-none-eabi/12.3.1/../../../../arm-none-eabi/lib/thumb/v7e-m+fp/hard/libstdc++.a(new_op.o) (__cxa_allocate_exception)
/Applications/STM32CubeIDE.app/Contents/Eclipse/plugins/com.st.stm32cube.ide.mcu.externaltools.gnu-tools-for-stm32.12.3.rel1.macos64_1.1.0.202410301201/tools/bin/../lib/gcc/arm-none-eabi/12.3.1/../../../../arm-none-eabi/lib/thumb/v7e-m+fp/hard/libstdc++.a(eh_exception.o)
                              /Applications/STM32CubeIDE.app/Contents/Eclipse/plugins/com.st.stm32cube.ide.mcu.externaltools.gnu-tools-for-stm32.12.3.rel1.macos64_1.1.0.202410301201/tools/bin/../lib/gcc/arm-none-eabi/12.3.1/../../../../arm-none-eabi/lib/thumb/v7e-m+fp/hard/libstdc++.a(bad_alloc.o) (std::exception::~exception())
/Applications/STM32CubeIDE.app/Contents/Eclipse/plugins/com.st.stm32cube.ide.mcu.externaltools.gnu-tools-for-stm32.12.3.rel1.macos64_1.1.0.202410301201/tools/bin/../lib/gcc/arm-none-eabi/12.3.1/../../../../arm-none-eabi/lib/thumb/v7e-m+fp/hard/libstdc++.a(eh_terminate.o)
                              /Applications/STM32CubeIDE.app/Contents/Eclipse/plugins/com.st.stm32cube.ide.mcu.externaltools.gnu-tools-for-stm32.12.3.rel1.macos64_1.1.0.202410301201/tools/bin/../lib/gcc/arm-none-eabi/12.3.1/../../../../arm-none-eabi/lib/thumb/v7e-m+fp/hard/libstdc++.a(eh_alloc.o) (std::terminate())
[...]
Memory Configuration

Name             Origin             Length             Attributes
RAM              0x20000000         0x00050000         xrw
FLASH            0x08000000         0x00100000         xr
DTCMRAM          0x00000000         0xffffffff
*default*        0x00000000         0xffffffff

Linker script and memory map

LOAD /Applications/STM32CubeIDE.app/Contents/Eclipse/plugins/com.st.stm32cube.ide.mcu.externaltools.gnu-tools-for-stm32.12.3.rel1.macos64_1.1.0.202410301201/tools/bin/../lib/gcc/arm-none-eabi/12.3.1/thumb/v7e-m+fp/hard/crti.o
LOAD /Applications/STM32CubeIDE.app/Contents/Eclipse/plugins/com.st.stm32cube.ide.mcu.externaltools.gnu-tools-for-stm32.12.3.rel1.macos64_1.1.0.202410301201/tools/bin/../lib/gcc/arm-none-eabi/12.3.1/thumb/v7e-m+fp/hard/crtbegin.o
LOAD /Applications/STM32CubeIDE.app/Contents/Eclipse/plugins/com.st.stm32cube.ide.mcu.externaltools.gnu-tools-for-stm32.12.3.rel1.macos64_1.1.0.202410301201/tools/bin/../lib/gcc/arm-none-eabi/12.3.1/../../../../arm-none-eabi/lib/thumb/v7e-m+fp/hard/crt0.o
LOAD ./Drivers/BSP/Components/exc7200/exc7200.o
LOAD ./Drivers/BSP/Components/ft5336/ft5336.o
LOAD ./Drivers/BSP/Components/mfxstm32l152/mfxstm32l152.o
LOAD ./Drivers/BSP/Components/ov9655/ov9655.o
LOAD ./Drivers/BSP/Components/s5k5cag/s5k5cag.o
LOAD ./Drivers/BSP/Components/stmpe811/stmpe811.o
LOAD ./Drivers/BSP/Components/ts3510/ts3510.o
LOAD ./Drivers/BSP/Components/wm8994/wm8994.o
LOAD ./Drivers/BSP/STM32746G-Discovery/stm32746g_discovery.o
LOAD ./Drivers/BSP/STM32746G-Discovery/stm32746g_discovery_audio.o
LOAD ./Drivers/BSP/STM32746G-Discovery/stm32746g_discovery_eeprom.o
LOAD ./Drivers/BSP/STM32746G-Discovery/stm32746g_discovery_lcd.o
LOAD ./Drivers/BSP/STM32746G-Discovery/stm32746g_discovery_qspi.o
LOAD ./Drivers/BSP/STM32746G-Discovery/stm32746g_discovery_sd.o
LOAD ./Drivers/BSP/STM32746G-Discovery/stm32746g_discovery_sdram.o
LOAD ./Drivers/BSP/STM32746G-Discovery/stm32746g_discovery_ts.o
LOAD ./Drivers/STM32F7xx_HAL_Driver/Src/stm32f7xx_hal.o
LOAD ./Drivers/STM32F7xx_HAL_Driver/Src/stm32f7xx_hal_adc.o
LOAD ./Drivers/STM32F7xx_HAL_Driver/Src/stm32f7xx_hal_adc_ex.o
LOAD ./Drivers/STM32F7xx_HAL_Driver/Src/stm32f7xx_hal_cortex.o
LOAD ./Drivers/STM32F7xx_HAL_Driver/Src/stm32f7xx_hal_dcmi.o
LOAD ./Drivers/STM32F7xx_HAL_Driver/Src/stm32f7xx_hal_dcmi_ex.o
LOAD ./Drivers/STM32F7xx_HAL_Driver/Src/stm32f7xx_hal_dma.o
LOAD ./Drivers/STM32F7xx_HAL_Driver/Src/stm32f7xx_hal_dma2d.o
LOAD ./Drivers/STM32F7xx_HAL_Driver/Src/stm32f7xx_hal_dma_ex.o
LOAD ./Drivers/STM32F7xx_HAL_Driver/Src/stm32f7xx_hal_dsi.o
LOAD ./Drivers/STM32F7xx_HAL_Driver/Src/stm32f7xx_hal_flash.o
LOAD ./Drivers/STM32F7xx_HAL_Driver/Src/stm32f7xx_hal_flash_ex.o
LOAD ./Drivers/STM32F7xx_HAL_Driver/Src/stm32f7xx_hal_gpio.o
LOAD ./Drivers/STM32F7xx_HAL_Driver/Src/stm32f7xx_hal_i2c.o
LOAD ./Drivers/STM32F7xx_HAL_Driver/Src/stm32f7xx_hal_i2c_ex.o
LOAD ./Drivers/STM32F7xx_HAL_Driver/Src/stm32f7xx_hal_ltdc.o
LOAD ./Drivers/STM32F7xx_HAL_Driver/Src/stm32f7xx_hal_ltdc_ex.o
LOAD ./Drivers/STM32F7xx_HAL_Driver/Src/stm32f7xx_hal_pwr.o
LOAD ./Drivers/STM32F7xx_HAL_Driver/Src/stm32f7xx_hal_pwr_ex.o
LOAD ./Drivers/STM32F7xx_HAL_Driver/Src/stm32f7xx_hal_qspi.o
LOAD ./Drivers/STM32F7xx_HAL_Driver/Src/stm32f7xx_hal_rcc.o
LOAD ./Drivers/STM32F7xx_HAL_Driver/Src/stm32f7xx_hal_rcc_ex.o
LOAD ./Drivers/STM32F7xx_HAL_Driver/Src/stm32f7xx_hal_rtc.o
LOAD ./Drivers/STM32F7xx_HAL_Driver/Src/stm32f7xx_hal_rtc_ex.o
LOAD ./Drivers/STM32F7xx_HAL_Driver/Src/stm32f7xx_hal_sai.o
LOAD ./Drivers/STM32F7xx_HAL_Driver/Src/stm32f7xx_hal_sai_ex.o
LOAD ./Drivers/STM32F7xx_HAL_Driver/Src/stm32f7xx_hal_sd.o
LOAD ./Drivers/STM32F7xx_HAL_Driver/Src/stm32f7xx_hal_sdram.o
LOAD ./Drivers/STM32F7xx_HAL_Driver/Src/stm32f7xx_hal_spi.o
LOAD ./Drivers/STM32F7xx_HAL_Driver/Src/stm32f7xx_hal_tim.o
LOAD ./Drivers/STM32F7xx_HAL_Driver/Src/stm32f7xx_hal_tim_ex.o
LOAD ./Drivers/STM32F7xx_HAL_Driver/Src/stm32f7xx_hal_uart.o
LOAD ./Drivers/STM32F7xx_HAL_Driver/Src/stm32f7xx_ll_fmc.o
LOAD ./Drivers/STM32F7xx_HAL_Driver/Src/stm32f7xx_ll_sdmmc.o
LOAD ./Src/JPEGDecoder.o
LOAD ./Src/camera.o
LOAD ./Src/camera_i2c.o
LOAD ./Src/camera_spi.o
LOAD ./Src/lcd.o
LOAD ./Src/main.o
LOAD ./Src/picojpeg.o
LOAD ./Src/startup_stm32f746xx.o
LOAD ./Src/stm32f7xx_hal_msp.o
LOAD ./Src/stm32f7xx_it.o
LOAD ./Src/system_stm32f7xx.o
LOAD ./Src/TinyEngine/codegen/Source/add_fpreq.o
LOAD ./Src/TinyEngine/codegen/Source/arm_nn_mat_mult_kernel_s8_s16_reordered.o
LOAD ./Src/TinyEngine/codegen/Source/avgpooling.o
LOAD ./Src/TinyEngine/codegen/Source/convolve_1x1_s8.o
LOAD ./Src/TinyEngine/codegen/Source/convolve_1x1_s8_ch16.o
LOAD ./Src/TinyEngine/codegen/Source/convolve_1x1_s8_ch24.o
LOAD ./Src/TinyEngine/codegen/Source/convolve_1x1_s8_ch48.o
LOAD ./Src/TinyEngine/codegen/Source/convolve_1x1_s8_ch8.o
LOAD ./Src/TinyEngine/codegen/Source/depthwise_kernel3x3_stride1_inplace_CHW.o
LOAD ./Src/TinyEngine/codegen/Source/depthwise_kernel3x3_stride1_inplace_CHW_fpreq_bitmask.o
LOAD ./Src/TinyEngine/codegen/Source/depthwise_kernel3x3_stride1_inplace_CHW_fpreq_mask.o
LOAD ./Src/TinyEngine/codegen/Source/depthwise_kernel5x5_stride1_inplace_CHW.o
LOAD ./Src/TinyEngine/codegen/Source/depthwise_kernel5x5_stride1_inplace_CHW_fpreq_bitmask.o
LOAD ./Src/TinyEngine/codegen/Source/depthwise_kernel5x5_stride1_inplace_CHW_fpreq_mask.o
LOAD ./Src/TinyEngine/codegen/Source/depthwise_kernel5x5_stride2_inplace_CHW.o
LOAD ./Src/TinyEngine/codegen/Source/depthwise_kernel5x5_stride2_inplace_CHW_fpreq_bitmask.o
LOAD ./Src/TinyEngine/codegen/Source/depthwise_kernel5x5_stride2_inplace_CHW_fpreq_mask.o
LOAD ./Src/TinyEngine/codegen/Source/depthwise_kernel7x7_stride1_inplace_CHW.o
LOAD ./Src/TinyEngine/codegen/Source/depthwise_kernel7x7_stride1_inplace_CHW_fpreq_bitmask.o
LOAD ./Src/TinyEngine/codegen/Source/depthwise_kernel7x7_stride1_inplace_CHW_fpreq_mask.o
LOAD ./Src/TinyEngine/codegen/Source/depthwise_kernel7x7_stride2_inplace_CHW.o
LOAD ./Src/TinyEngine/codegen/Source/depthwise_kernel7x7_stride2_inplace_CHW_fpreq_bitmask.o
LOAD ./Src/TinyEngine/codegen/Source/depthwise_kernel7x7_stride2_inplace_CHW_fpreq_mask.o
LOAD ./Src/TinyEngine/codegen/Source/genModel.o
LOAD ./Src/TinyEngine/codegen/Source/mat_mul_kernels_fpreq.o
LOAD ./Src/sys/_io.o
LOAD ./Src/sys/stubs.o
LOAD ./Utilities/Fonts/font12.o
LOAD ./Utilities/Fonts/font16.o
LOAD ./Utilities/Fonts/font20.o
LOAD ./Utilities/Fonts/font24.o
LOAD ./Utilities/Fonts/font8.o
START GROUP
LOAD /Applications/STM32CubeIDE.app/Contents/Eclipse/plugins/com.st.stm32cube.ide.mcu.externaltools.gnu-tools-for-stm32.12.3.rel1.macos64_1.1.0.202410301201/tools/bin/../lib/gcc/arm-none-eabi/12.3.1/../../../../arm-none-eabi/lib/thumb/v7e-m+fp/hard/libstdc++.a
LOAD /Applications/STM32CubeIDE.app/Contents/Eclipse/plugins/com.st.stm32cube.ide.mcu.externaltools.gnu-tools-for-stm32.12.3.rel1.macos64_1.1.0.202410301201/tools/bin/../lib/gcc/arm-none-eabi/12.3.1/../../../../arm-none-eabi/lib/thumb/v7e-m+fp/hard/libsupc++.a
END GROUP
LOAD /Applications/STM32CubeIDE.app/Contents/Eclipse/plugins/com.st.stm32cube.ide.mcu.externaltools.gnu-tools-for-stm32.12.3.rel1.macos64_1.1.0.202410301201/tools/bin/../lib/gcc/arm-none-eabi/12.3.1/../../../../arm-none-eabi/lib/thumb/v7e-m+fp/hard/libstdc++.a
LOAD /Applications/STM32CubeIDE.app/Contents/Eclipse/plugins/com.st.stm32cube.ide.mcu.externaltools.gnu-tools-for-stm32.12.3.rel1.macos64_1.1.0.202410301201/tools/bin/../lib/gcc/arm-none-eabi/12.3.1/../../../../arm-none-eabi/lib/thumb/v7e-m+fp/hard/libm.a
LOAD /Applications/STM32CubeIDE.app/Contents/Eclipse/plugins/com.st.stm32cube.ide.mcu.externaltools.gnu-tools-for-stm32.12.3.rel1.macos64_1.1.0.202410301201/tools/bin/../lib/gcc/arm-none-eabi/12.3.1/../../../../arm-none-eabi/lib/thumb/v7e-m+fp/hard/libc.a
START GROUP
LOAD /Applications/STM32CubeIDE.app/Contents/Eclipse/plugins/com.st.stm32cube.ide.mcu.externaltools.gnu-tools-for-stm32.12.3.rel1.macos64_1.1.0.202410301201/tools/bin/../lib/gcc/arm-none-eabi/12.3.1/thumb/v7e-m+fp/hard/libgcc.a
LOAD /Applications/STM32CubeIDE.app/Contents/Eclipse/plugins/com.st.stm32cube.ide.mcu.externaltools.gnu-tools-for-stm32.12.3.rel1.macos64_1.1.0.202410301201/tools/bin/../lib/gcc/arm-none-eabi/12.3.1/../../../../arm-none-eabi/lib/thumb/v7e-m+fp/hard/libc.a
END GROUP
START GROUP
LOAD /Applications/STM32CubeIDE.app/Contents/Eclipse/plugins/com.st.stm32cube.ide.mcu.externaltools.gnu-tools-for-stm32.12.3.rel1.macos64_1.1.0.202410301201/tools/bin/../lib/gcc/arm-none-eabi/12.3.1/thumb/v7e-m+fp/hard/libgcc.a
LOAD /Applications/STM32CubeIDE.app/Contents/Eclipse/plugins/com.st.stm32cube.ide.mcu.externaltools.gnu-tools-for-stm32.12.3.rel1.macos64_1.1.0.202410301201/tools/bin/../lib/gcc/arm-none-eabi/12.3.1/../../../../arm-none-eabi/lib/thumb/v7e-m+fp/hard/libc.a
LOAD /Applications/STM32CubeIDE.app/Contents/Eclipse/plugins/com.st.stm32cube.ide.mcu.externaltools.gnu-tools-for-stm32.12.3.rel1.macos64_1.1.0.202410301201/tools/bin/../lib/gcc/arm-none-eabi/12.3.1/../../../../arm-none-eabi/lib/thumb/v7e-m+fp/hard/libnosys.a
END GROUP
LOAD /Applications/STM32CubeIDE.app/Contents/Eclipse/plugins/com.st.stm32cube.ide.mcu.externaltools.gnu-tools-for-stm32.12.3.rel1.macos64_1.1.0.202410301201/tools/bin/../lib/gcc/arm-none-eabi/12.3.1/thumb/v7e-m+fp/hard/crtend.o
LOAD /Applications/STM32CubeIDE.app/Contents/Eclipse/plugins/com.st.stm32cube.ide.mcu.externaltools.gnu-tools-for-stm32.12.3.rel1.macos64_1.1.0.202410301201/tools/bin/../lib/gcc/arm-none-eabi/12.3.1/thumb/v7e-m+fp/hard/crtn.o
                0x2004ffff                        _estack = 0x2004ffff
                0x00000600                        _Min_Heap_Size = 0x600
                0x00000400                        _Min_Stack_Size = 0x400

.isr_vector     0x08000000      0x1c8
                0x08000000                        . = ALIGN (0x4)
 *(.isr_vector)
 .isr_vector    0x08000000      0x1c8 ./Src/startup_stm32f746xx.o
                0x08000000                g_pfnVectors
                0x080001c8                        . = ALIGN (0x4)

.text           0x080001d0    0x125b8
                0x080001d0                        . = ALIGN (0x4)
 *(.text)
 .text          0x080001d0       0x40 /Applications/STM32CubeIDE.app/Contents/Eclipse/plugins/com.st.stm32cube.ide.mcu.externaltools.gnu-tools-for-stm32.12.3.rel1.macos64_1.1.0.202410301201/tools/bin/../lib/gcc/arm-none-eabi/12.3.1/thumb/v7e-m+fp/hard/crtbegin.o
 .text          0x08000210       0xa0 /Applications/STM32CubeIDE.app/Contents/Eclipse/plugins/com.st.stm32cube.ide.mcu.externaltools.gnu-tools-for-stm32.12.3.rel1.macos64_1.1.0.202410301201/tools/bin/../lib/gcc/arm-none-eabi/12.3.1/../../../../arm-none-eabi/lib/thumb/v7e-m+fp/hard/libc.a(libc_a-memchr.o)
                0x08000210                memchr
 .text          0x080002b0       0x10 /Applications/STM32CubeIDE.app/Contents/Eclipse/plugins/com.st.stm32cube.ide.mcu.externaltools.gnu-tools-for-stm32.12.3.rel1.macos64_1.1.0.202410301201/tools/bin/../lib/gcc/arm-none-eabi/12.3.1/../../../../arm-none-eabi/lib/thumb/v7e-m+fp/hard/libc.a(libc_a-strlen.o)
                0x080002b0                strlen
 .text          0x080002c0      0x378 /Applications/STM32CubeIDE.app/Contents/Eclipse/plugins/com.st.stm32cube.ide.mcu.externaltools.gnu-tools-for-stm32.12.3.rel1.macos64_1.1.0.202410301201/tools/bin/../lib/gcc/arm-none-eabi/12.3.1/thumb/v7e-m+fp/hard/libgcc.a(_arm_addsubdf3.o)
                0x080002c0                __aeabi_drsub
                0x080002c8                __subdf3
                0x080002c8                __aeabi_dsub
                0x080002cc                __aeabi_dadd
                0x080002cc                __adddf3
                0x08000544                __aeabi_ui2d
                0x08000544                __floatunsidf
                0x08000564                __floatsidf
                0x08000564                __aeabi_i2d
                0x08000588                __extendsfdf2
                0x08000588                __aeabi_f2d
                0x080005cc                __aeabi_ul2d
                0x080005cc                __floatundidf
                0x080005dc                __aeabi_l2d
                0x080005dc                __floatdidf
 .text          0x08000638      0x424 /Applications/STM32CubeIDE.app/Contents/Eclipse/plugins/com.st.stm32cube.ide.mcu.externaltools.gnu-tools-for-stm32.12.3.rel1.macos64_1.1.0.202410301201/tools/bin/../lib/gcc/arm-none-eabi/12.3.1/thumb/v7e-m+fp/hard/libgcc.a(_arm_muldivdf3.o)
                0x08000638                __aeabi_dmul
                0x08000638                __muldf3
                0x0800088c                __aeabi_ddiv
                0x0800088c                __divdf3
 .text          0x08000a5c      0x110 /Applications/STM32CubeIDE.app/Contents/Eclipse/plugins/com.st.stm32cube.ide.mcu.externaltools.gnu-tools-for-stm32.12.3.rel1.macos64_1.1.0.202410301201/tools/bin/../lib/gcc/arm-none-eabi/12.3.1/thumb/v7e-m+fp/hard/libgcc.a(_arm_cmpdf2.o)
                0x08000a5c                __gedf2
                0x08000a5c                __gtdf2
                0x08000a64                __ledf2
                0x08000a64                __ltdf2
                0x08000a6c                __cmpdf2
                0x08000a6c                __eqdf2
                0x08000a6c                __nedf2
                0x08000ae8                __aeabi_cdrcmple
                0x08000af8                __aeabi_cdcmple
                0x08000af8                __aeabi_cdcmpeq
                0x08000b08                __aeabi_dcmpeq
                0x08000b1c                __aeabi_dcmplt
                0x08000b30                __aeabi_dcmple
                0x08000b44                __aeabi_dcmpge
                0x08000b58                __aeabi_dcmpgt
 .text          0x08000b6c       0x2c /Applications/STM32CubeIDE.app/Contents/Eclipse/plugins/com.st.stm32cube.ide.mcu.externaltools.gnu-tools-for-stm32.12.3.rel1.macos64_1.1.0.202410301201/tools/bin/../lib/gcc/arm-none-eabi/12.3.1/thumb/v7e-m+fp/hard/libgcc.a(_arm_unorddf2.o)
                0x08000b6c                __aeabi_dcmpun
                0x08000b6c                __unorddf2
 .text          0x08000b98       0x50 /Applications/STM32CubeIDE.app/Contents/Eclipse/plugins/com.st.stm32cube.ide.mcu.externaltools.gnu-tools-for-stm32.12.3.rel1.macos64_1.1.0.202410301201/tools/bin/../lib/gcc/arm-none-eabi/12.3.1/thumb/v7e-m+fp/hard/libgcc.a(_arm_fixdfsi.o)
                0x08000b98                __fixdfsi
                0x08000b98                __aeabi_d2iz
 .text          0x08000be8       0x30 /Applications/STM32CubeIDE.app/Contents/Eclipse/plugins/com.st.stm32cube.ide.mcu.externaltools.gnu-tools-for-stm32.12.3.rel1.macos64_1.1.0.202410301201/tools/bin/../lib/gcc/arm-none-eabi/12.3.1/thumb/v7e-m+fp/hard/libgcc.a(_aeabi_uldivmod.o)
                0x08000be8                __aeabi_uldivmod
 .text          0x08000c18      0x2bc /Applications/STM32CubeIDE.app/Contents/Eclipse/plugins/com.st.stm32cube.ide.mcu.externaltools.gnu-tools-for-stm32.12.3.rel1.macos64_1.1.0.202410301201/tools/bin/../lib/gcc/arm-none-eabi/12.3.1/thumb/v7e-m+fp/hard/libgcc.a(_udivmoddi4.o)
                0x08000c18                __udivmoddi4
 .text          0x08000ed4        0x4 /Applications/STM32CubeIDE.app/Contents/Eclipse/plugins/com.st.stm32cube.ide.mcu.externaltools.gnu-tools-for-stm32.12.3.rel1.macos64_1.1.0.202410301201/tools/bin/../lib/gcc/arm-none-eabi/12.3.1/thumb/v7e-m+fp/hard/libgcc.a(_dvmd_tls.o)
                0x08000ed4                __aeabi_ldiv0
                0x08000ed4                __aeabi_idiv0
 *(.text*)
 .text.HAL_IncTick
                0x08000ed8       0x28 ./Drivers/STM32F7xx_HAL_Driver/Src/stm32f7xx_hal.o
                0x08000ed8                HAL_IncTick
 .text.startup._GLOBAL__sub_I_JpegDec
                0x08000f00       0x1c ./Src/JPEGDecoder.o
 .text.exit._GLOBAL__sub_D_JpegDec
                0x08000f1c       0x10 ./Src/JPEGDecoder.o
 .text._Z27invoke_new_weights_givenimgPa
                0x08000f2c       0x20 ./Src/main.o
                0x08000f2c                invoke_new_weights_givenimg(signed char*)
 .text.startup.main
                0x08000f4c       0xa4 ./Src/main.o
                0x08000f4c                main
 .text.Reset_Handler
                0x08000ff0       0x50 ./Src/startup_stm32f746xx.o
                0x08000ff0                Reset_Handler
 .text.Default_Handler
                0x08001040        0x2 ./Src/startup_stm32f746xx.o
                0x08001040                DMA1_Stream3_IRQHandler
                0x08001040                EXTI2_IRQHandler
                0x08001040                TIM8_CC_IRQHandler
                0x08001040                UART8_IRQHandler
                0x08001040                SPI4_IRQHandler
                0x08001040                TIM1_CC_IRQHandler
                0x08001040                DMA2_Stream5_IRQHandler
                0x08001040                DMA1_Stream5_IRQHandler
                0x08001040                PVD_IRQHandler
                0x08001040                TAMP_STAMP_IRQHandler
                0x08001040                CAN2_RX1_IRQHandler
                0x08001040                EXTI3_IRQHandler
                0x08001040                TIM8_TRG_COM_TIM14_IRQHandler
                0x08001040                TIM1_UP_TIM10_IRQHandler
                0x08001040                TIM8_UP_TIM13_IRQHandler
                0x08001040                I2C3_ER_IRQHandler
                0x08001040                EXTI0_IRQHandler
                0x08001040                I2C2_EV_IRQHandler
                0x08001040                DMA1_Stream2_IRQHandler
                0x08001040                CAN1_RX0_IRQHandler
                0x08001040                FPU_IRQHandler
                0x08001040                OTG_HS_WKUP_IRQHandler
                0x08001040                LTDC_ER_IRQHandler
                0x08001040                CAN2_SCE_IRQHandler
                0x08001040                DMA2_Stream2_IRQHandler
                0x08001040                SPI1_IRQHandler
                0x08001040                TIM6_DAC_IRQHandler
                0x08001040                TIM1_BRK_TIM9_IRQHandler
                0x08001040                DCMI_IRQHandler
                0x08001040                CAN2_RX0_IRQHandler
                0x08001040                DMA2_Stream3_IRQHandler
                0x08001040                SAI2_IRQHandler
                0x08001040                USART6_IRQHandler
                0x08001040                USART3_IRQHandler
                0x08001040                CAN1_RX1_IRQHandler
                0x08001040                UART5_IRQHandler
                0x08001040                DMA2_Stream0_IRQHandler
                0x08001040                TIM4_IRQHandler
                0x08001040                QUADSPI_IRQHandler
                0x08001040                I2C1_EV_IRQHandler
                0x08001040                DMA1_Stream6_IRQHandler
                0x08001040                DMA1_Stream1_IRQHandler
                0x08001040                UART4_IRQHandler
                0x08001040                TIM3_IRQHandler
                0x08001040                RCC_IRQHandler
                0x08001040                TIM8_BRK_TIM12_IRQHandler
                0x08001040                Default_Handler
                0x08001040                CEC_IRQHandler
                0x08001040                EXTI15_10_IRQHandler
                0x08001040                ADC_IRQHandler
                0x08001040                DMA1_Stream7_IRQHandler
                0x08001040                SPI5_IRQHandler
                0x08001040                TIM7_IRQHandler
                0x08001040                SDMMC1_IRQHandler
                0x08001040                CAN2_TX_IRQHandler
                0x08001040                TIM5_IRQHandler
                0x08001040                DMA2_Stream7_IRQHandler
                0x08001040                I2C3_EV_IRQHandler
                0x08001040                EXTI9_5_IRQHandler
                0x08001040                RTC_WKUP_IRQHandler
                0x08001040                LTDC_IRQHandler
                0x08001040                ETH_WKUP_IRQHandler
                0x08001040                SPDIF_RX_IRQHandler
                0x08001040                SPI2_IRQHandler
                0x08001040                OTG_HS_EP1_IN_IRQHandler
                0x08001040                DMA1_Stream0_IRQHandler
                0x08001040                CAN1_TX_IRQHandler
                0x08001040                EXTI4_IRQHandler
                0x08001040                RNG_IRQHandler
                0x08001040                ETH_IRQHandler
                0x08001040                OTG_HS_EP1_OUT_IRQHandler
                0x08001040                WWDG_IRQHandler
                0x08001040                SPI6_IRQHandler
                0x08001040                I2C4_EV_IRQHandler
                0x08001040                TIM2_IRQHandler
                0x08001040                OTG_FS_WKUP_IRQHandler
                0x08001040                TIM1_TRG_COM_TIM11_IRQHandler
                0x08001040                OTG_HS_IRQHandler
                0x08001040                DMA2D_IRQHandler
                0x08001040                EXTI1_IRQHandler
                0x08001040                UART7_IRQHandler
                0x08001040                USART2_IRQHandler
                0x08001040                I2C2_ER_IRQHandler
                0x08001040                DMA2_Stream1_IRQHandler
                0x08001040                CAN1_SCE_IRQHandler
                0x08001040                FLASH_IRQHandler
                0x08001040                DMA2_Stream4_IRQHandler
                0x08001040                USART1_IRQHandler
                0x08001040                OTG_FS_IRQHandler
                0x08001040                SPI3_IRQHandler
                0x08001040                DMA1_Stream4_IRQHandler
                0x08001040                I2C1_ER_IRQHandler
                0x08001040                FMC_IRQHandler
                0x08001040                LPTIM1_IRQHandler
                0x08001040                I2C4_ER_IRQHandler
                0x08001040                DMA2_Stream6_IRQHandler
                0x08001040                SAI1_IRQHandler
                0x08001040                RTC_Alarm_IRQHandler
 .text.NMI_Handler
                0x08001042        0xe ./Src/stm32f7xx_it.o
                0x08001042                NMI_Handler
 .text.HardFault_Handler
                0x08001050        0x8 ./Src/stm32f7xx_it.o
                0x08001050                HardFault_Handler
 .text.MemManage_Handler
                0x08001058        0x8 ./Src/stm32f7xx_it.o
                0x08001058                MemManage_Handler
 .text.BusFault_Handler
                0x08001060        0x8 ./Src/stm32f7xx_it.o
                0x08001060                BusFault_Handler
 .text.UsageFault_Handler
                0x08001068        0x8 ./Src/stm32f7xx_it.o
                0x08001068                UsageFault_Handler
 .text.SVC_Handler
                0x08001070        0xe ./Src/stm32f7xx_it.o
                0x08001070                SVC_Handler
 .text.DebugMon_Handler
                0x0800107e        0xe ./Src/stm32f7xx_it.o
                0x0800107e                DebugMon_Handler
 .text.PendSV_Handler
                0x0800108c        0xe ./Src/stm32f7xx_it.o
                0x0800108c                PendSV_Handler
 .text.SysTick_Handler
                0x0800109a        0xc ./Src/stm32f7xx_it.o
                0x0800109a                SysTick_Handler
 *fill*         0x080010a6        0x2 
 .text.SystemInit
                0x080010a8       0x6c ./Src/system_stm32f7xx.o
                0x080010a8                SystemInit
 .text.add_fpreq
                0x08001114       0xf4 ./Src/TinyEngine/codegen/Source/add_fpreq.o
                0x08001114                add_fpreq
 .text.arm_nn_mat_mult_kernel_s8_s16_reordered
                0x08001208     0x178c ./Src/TinyEngine/codegen/Source/arm_nn_mat_mult_kernel_s8_s16_reordered.o
                0x08001208                arm_nn_mat_mult_kernel_s8_s16_reordered
 .text.mat_mult_kernel_s8_s16_reordered_ch16
                0x08002994       0x46 ./Src/TinyEngine/codegen/Source/arm_nn_mat_mult_kernel_s8_s16_reordered.o
                0x08002994                mat_mult_kernel_s8_s16_reordered_ch16
 .text.mat_mult_kernel_s8_s16_reordered_ch24
                0x080029da       0x46 ./Src/TinyEngine/codegen/Source/arm_nn_mat_mult_kernel_s8_s16_reordered.o
                0x080029da                mat_mult_kernel_s8_s16_reordered_ch24
 .text.mat_mult_kernel_s8_s16_reordered_ch48
                0x08002a20       0x46 ./Src/TinyEngine/codegen/Source/arm_nn_mat_mult_kernel_s8_s16_reordered.o
                0x08002a20                mat_mult_kernel_s8_s16_reordered_ch48
 .text.avg_pooling
                0x08002a66      0x162 ./Src/TinyEngine/codegen/Source/avgpooling.o
                0x08002a66                avg_pooling
 .text.convolve_1x1_s8
                0x08002bc8      0xcd8 ./Src/TinyEngine/codegen/Source/convolve_1x1_s8.o
                0x08002bc8                convolve_1x1_s8
 .text.convolve_1x1_s8_ch16
                0x080038a0      0xca8 ./Src/TinyEngine/codegen/Source/convolve_1x1_s8_ch16.o
                0x080038a0                convolve_1x1_s8_ch16
 .text.convolve_1x1_s8_ch24
                0x08004548      0xca8 ./Src/TinyEngine/codegen/Source/convolve_1x1_s8_ch24.o
                0x08004548                convolve_1x1_s8_ch24
 .text.convolve_1x1_s8_ch48
                0x080051f0      0xca8 ./Src/TinyEngine/codegen/Source/convolve_1x1_s8_ch48.o
                0x080051f0                convolve_1x1_s8_ch48
 .text.depthwise_kernel3x3_stride1_inplace_CHW
                0x08005e98      0x172 ./Src/TinyEngine/codegen/Source/depthwise_kernel3x3_stride1_inplace_CHW.o
                0x08005e98                depthwise_kernel3x3_stride1_inplace_CHW
 .text.depthwise_kernel3x3_stride1_inplace_kernel_CHW
                0x0800600a      0x992 ./Src/TinyEngine/codegen/Source/depthwise_kernel3x3_stride1_inplace_CHW.o
                0x0800600a                depthwise_kernel3x3_stride1_inplace_kernel_CHW
 .text.depthwise_kernel5x5_stride1_inplace_CHW
                0x0800699c      0x19c ./Src/TinyEngine/codegen/Source/depthwise_kernel5x5_stride1_inplace_CHW.o
                0x0800699c                depthwise_kernel5x5_stride1_inplace_CHW
 .text.depthwise_kernel5x5_stride1_inplace_kernel_CHW
                0x08006b38     0x108c ./Src/TinyEngine/codegen/Source/depthwise_kernel5x5_stride1_inplace_CHW.o
                0x08006b38                depthwise_kernel5x5_stride1_inplace_kernel_CHW
 .text.depthwise_kernel5x5_stride2_inplace_CHW
                0x08007bc4      0x19c ./Src/TinyEngine/codegen/Source/depthwise_kernel5x5_stride2_inplace_CHW.o
                0x08007bc4                depthwise_kernel5x5_stride2_inplace_CHW
 .text.depthwise_kernel5x5_stride2_inplace_kernel_CHW
                0x08007d60     0x10ac ./Src/TinyEngine/codegen/Source/depthwise_kernel5x5_stride2_inplace_CHW.o
                0x08007d60                depthwise_kernel5x5_stride2_inplace_kernel_CHW
 .text.depthwise_kernel7x7_stride1_inplace_CHW
                0x08008e0c      0x1c8 ./Src/TinyEngine/codegen/Source/depthwise_kernel7x7_stride1_inplace_CHW.o
                0x08008e0c                depthwise_kernel7x7_stride1_inplace_CHW
 .text.depthwise_kernel7x7_stride1_inplace_kernel_CHW
                0x08008fd4     0x1ae4 ./Src/TinyEngine/codegen/Source/depthwise_kernel7x7_stride1_inplace_CHW.o
                0x08008fd4                depthwise_kernel7x7_stride1_inplace_kernel_CHW
 .text.depthwise_kernel7x7_stride2_inplace_CHW
                0x0800aab8      0x1c8 ./Src/TinyEngine/codegen/Source/depthwise_kernel7x7_stride2_inplace_CHW.o
                0x0800aab8                depthwise_kernel7x7_stride2_inplace_CHW
 .text.depthwise_kernel7x7_stride2_inplace_kernel_CHW
                0x0800ac80     0x1b04 ./Src/TinyEngine/codegen/Source/depthwise_kernel7x7_stride2_inplace_CHW.o
                0x0800ac80                depthwise_kernel7x7_stride2_inplace_kernel_CHW
 .text.getInput
                0x0800c784       0x1c ./Src/TinyEngine/codegen/Source/genModel.o
                0x0800c784                getInput
 .text.getOutput
                0x0800c7a0       0x18 ./Src/TinyEngine/codegen/Source/genModel.o
                0x0800c7a0                getOutput
 .text.invoke   0x0800c7b8     0x1280 ./Src/TinyEngine/codegen/Source/genModel.o
                0x0800c7b8                invoke
 .text.ITM_SendChar
                0x0800da38       0x4e ./Src/sys/_io.o
 *fill*         0x0800da86        0x2 
 .text.ITM_ReceiveChar
                0x0800da88       0x38 ./Src/sys/_io.o
 .text.__io_putchar
                0x0800dac0       0x1a ./Src/sys/_io.o
                0x0800dac0                __io_putchar
 .text.__io_getchar
                0x0800dada        0xe ./Src/sys/_io.o
                0x0800dada                __io_getchar
 .text._write   0x0800dae8       0x38 ./Src/sys/stubs.o
                0x0800dae8                _write
 .text._read    0x0800db20       0x3a ./Src/sys/stubs.o
                0x0800db20                _read
 .text._close   0x0800db5a       0x18 ./Src/sys/stubs.o
                0x0800db5a                _close
 .text._fstat   0x0800db72       0x1a ./Src/sys/stubs.o
                0x0800db72                _fstat
 .text._isatty  0x0800db8c       0x18 ./Src/sys/stubs.o
                0x0800db8c                _isatty
 .text._lseek   0x0800dba4       0x1c ./Src/sys/stubs.o
                0x0800dba4                _lseek
 .text._exit    0x0800dbc0       0x14 ./Src/sys/stubs.o
                0x0800dbc0                _exit
 .text._ZdaPv   0x0800dbd4        0x4 /Applications/STM32CubeIDE.app/Contents/Eclipse/plugins/com.st.stm32cube.ide.mcu.externaltools.gnu-tools-for-stm32.12.3.rel1.macos64_1.1.0.202410301201/tools/bin/../lib/gcc/arm-none-eabi/12.3.1/../../../../arm-none-eabi/lib/thumb/v7e-m+fp/hard/libstdc++.a(del_opv.o)
                0x0800dbd4                operator delete[](void*)
 .text._ZdlPv   0x0800dbd8        0x4 /Applications/STM32CubeIDE.app/Contents/Eclipse/plugins/com.st.stm32cube.ide.mcu.externaltools.gnu-tools-for-stm32.12.3.rel1.macos64_1.1.0.202410301201/tools/bin/../lib/gcc/arm-none-eabi/12.3.1/../../../../arm-none-eabi/lib/thumb/v7e-m+fp/hard/libstdc++.a(del_op.o)
                0x0800dbd8                operator delete(void*)
 .text.startup._GLOBAL__sub_I__ZN9__gnu_cxx9__freeresEv
                0x0800dbdc       0x28 /Applications/STM32CubeIDE.app/Contents/Eclipse/plugins/com.st.stm32cube.ide.mcu.externaltools.gnu-tools-for-stm32.12.3.rel1.macos64_1.1.0.202410301201/tools/bin/../lib/gcc/arm-none-eabi/12.3.1/../../../../arm-none-eabi/lib/thumb/v7e-m+fp/hard/libstdc++.a(eh_alloc.o)
 .text._ZN12_GLOBAL__N_113constant_initD2Ev
                0x0800dc04        0x4 /Applications/STM32CubeIDE.app/Contents/Eclipse/plugins/com.st.stm32cube.ide.mcu.externaltools.gnu-tools-for-stm32.12.3.rel1.macos64_1.1.0.202410301201/tools/bin/../lib/gcc/arm-none-eabi/12.3.1/../../../../arm-none-eabi/lib/thumb/v7e-m+fp/hard/libstdc++.a(eh_globals.o)
 .text.startup._GLOBAL__sub_I___cxa_get_globals_fast
                0x0800dc08       0x18 /Applications/STM32CubeIDE.app/Contents/Eclipse/plugins/com.st.stm32cube.ide.mcu.externaltools.gnu-tools-for-stm32.12.3.rel1.macos64_1.1.0.202410301201/tools/bin/../lib/gcc/arm-none-eabi/12.3.1/../../../../arm-none-eabi/lib/thumb/v7e-m+fp/hard/libstdc++.a(eh_globals.o)
 .text.__aeabi_atexit
                0x0800dc20        0xc /Applications/STM32CubeIDE.app/Contents/Eclipse/plugins/com.st.stm32cube.ide.mcu.externaltools.gnu-tools-for-stm32.12.3.rel1.macos64_1.1.0.202410301201/tools/bin/../lib/gcc/arm-none-eabi/12.3.1/../../../../arm-none-eabi/lib/thumb/v7e-m+fp/hard/libstdc++.a(atexit_arm.o)
                0x0800dc20                __aeabi_atexit
 .text.round    0x0800dc2c       0x8c /Applications/STM32CubeIDE.app/Contents/Eclipse/plugins/com.st.stm32cube.ide.mcu.externaltools.gnu-tools-for-stm32.12.3.rel1.macos64_1.1.0.202410301201/tools/bin/../lib/gcc/arm-none-eabi/12.3.1/../../../../arm-none-eabi/lib/thumb/v7e-m+fp/hard/libm.a(libm_a-s_round.o)
                0x0800dc2c                round
 .text.abort    0x0800dcb8        0xe /Applications/STM32CubeIDE.app/Contents/Eclipse/plugins/com.st.stm32cube.ide.mcu.externaltools.gnu-tools-for-stm32.12.3.rel1.macos64_1.1.0.202410301201/tools/bin/../lib/gcc/arm-none-eabi/12.3.1/../../../../arm-none-eabi/lib/thumb/v7e-m+fp/hard/libc.a(libc_a-abort.o)
                0x0800dcb8                abort
 *fill*         0x0800dcc6        0x2 
 .text.malloc   0x0800dcc8       0x10 /Applications/STM32CubeIDE.app/Contents/Eclipse/plugins/com.st.stm32cube.ide.mcu.externaltools.gnu-tools-for-stm32.12.3.rel1.macos64_1.1.0.202410301201/tools/bin/../lib/gcc/arm-none-eabi/12.3.1/../../../../arm-none-eabi/lib/thumb/v7e-m+fp/hard/libc.a(libc_a-malloc.o)
                0x0800dcc8                malloc
 .text.free     0x0800dcd8       0x10 /Applications/STM32CubeIDE.app/Contents/Eclipse/plugins/com.st.stm32cube.ide.mcu.externaltools.gnu-tools-for-stm32.12.3.rel1.macos64_1.1.0.202410301201/tools/bin/../lib/gcc/arm-none-eabi/12.3.1/../../../../arm-none-eabi/lib/thumb/v7e-m+fp/hard/libc.a(libc_a-malloc.o)
                0x0800dcd8                free
 .text._malloc_r
                0x0800dce8      0x474 /Applications/STM32CubeIDE.app/Contents/Eclipse/plugins/com.st.stm32cube.ide.mcu.externaltools.gnu-tools-for-stm32.12.3.rel1.macos64_1.1.0.202410301201/tools/bin/../lib/gcc/arm-none-eabi/12.3.1/../../../../arm-none-eabi/lib/thumb/v7e-m+fp/hard/libc.a(libc_a-mallocr.o)
                0x0800dce8                _malloc_r
 .text.printf   0x0800e15c       0x24 /Applications/STM32CubeIDE.app/Contents/Eclipse/plugins/com.st.stm32cube.ide.mcu.externaltools.gnu-tools-for-stm32.12.3.rel1.macos64_1.1.0.202410301201/tools/bin/../lib/gcc/arm-none-eabi/12.3.1/../../../../arm-none-eabi/lib/thumb/v7e-m+fp/hard/libc.a(libc_a-printf.o)
                0x0800e15c                printf
 .text._vfprintf_r
                0x0800e180     0x1458 /Applications/STM32CubeIDE.app/Contents/Eclipse/plugins/com.st.stm32cube.ide.mcu.externaltools.gnu-tools-for-stm32.12.3.rel1.macos64_1.1.0.202410301201/tools/bin/../lib/gcc/arm-none-eabi/12.3.1/../../../../arm-none-eabi/lib/thumb/v7e-m+fp/hard/libc.a(libc_a-vfprintf.o)
                0x0800e180                _vfprintf_r
 .text.__sbprintf
                0x0800f5d8       0x80 /Applications/STM32CubeIDE.app/Contents/Eclipse/plugins/com.st.stm32cube.ide.mcu.externaltools.gnu-tools-for-stm32.12.3.rel1.macos64_1.1.0.202410301201/tools/bin/../lib/gcc/arm-none-eabi/12.3.1/../../../../arm-none-eabi/lib/thumb/v7e-m+fp/hard/libc.a(libc_a-vfprintf.o)
 .text.__sprint_r
                0x0800f658       0x64 /Applications/STM32CubeIDE.app/Contents/Eclipse/plugins/com.st.stm32cube.ide.mcu.externaltools.gnu-tools-for-stm32.12.3.rel1.macos64_1.1.0.202410301201/tools/bin/../lib/gcc/arm-none-eabi/12.3.1/../../../../arm-none-eabi/lib/thumb/v7e-m+fp/hard/libc.a(libc_a-vfiprintf.o)
                0x0800f658                __sprint_r
 .text._vfiprintf_r
                0x0800f6bc      0x910 /Applications/STM32CubeIDE.app/Contents/Eclipse/plugins/com.st.stm32cube.ide.mcu.externaltools.gnu-tools-for-stm32.12.3.rel1.macos64_1.1.0.202410301201/tools/bin/../lib/gcc/arm-none-eabi/12.3.1/../../../../arm-none-eabi/lib/thumb/v7e-m+fp/hard/libc.a(libc_a-vfiprintf.o)
                0x0800f6bc                _vfiprintf_r
 .text.__sbprintf
                0x0800ffcc       0x80 /Applications/STM32CubeIDE.app/Contents/Eclipse/plugins/com.st.stm32cube.ide.mcu.externaltools.gnu-tools-for-stm32.12.3.rel1.macos64_1.1.0.202410301201/tools/bin/../lib/gcc/arm-none-eabi/12.3.1/../../../../arm-none-eabi/lib/thumb/v7e-m+fp/hard/libc.a(libc_a-vfiprintf.o)
 .text.__malloc_lock
                0x0801004c        0xc /Applications/STM32CubeIDE.app/Contents/Eclipse/plugins/com.st.stm32cube.ide.mcu.externaltools.gnu-tools-for-stm32.12.3.rel1.macos64_1.1.0.202410301201/tools/bin/../lib/gcc/arm-none-eabi/12.3.1/../../../../arm-none-eabi/lib/thumb/v7e-m+fp/hard/libc.a(libc_a-mlock.o)
                0x0801004c                __malloc_lock
 .text.__malloc_unlock
                0x08010058        0xc /Applications/STM32CubeIDE.app/Contents/Eclipse/plugins/com.st.stm32cube.ide.mcu.externaltools.gnu-tools-for-stm32.12.3.rel1.macos64_1.1.0.202410301201/tools/bin/../lib/gcc/arm-none-eabi/12.3.1/../../../../arm-none-eabi/lib/thumb/v7e-m+fp/hard/libc.a(libc_a-mlock.o)
                0x08010058                __malloc_unlock
 .text._realloc_r
                0x08010064      0x350 /Applications/STM32CubeIDE.app/Contents/Eclipse/plugins/com.st.stm32cube.ide.mcu.externaltools.gnu-tools-for-stm32.12.3.rel1.macos64_1.1.0.202410301201/tools/bin/../lib/gcc/arm-none-eabi/12.3.1/../../../../arm-none-eabi/lib/thumb/v7e-m+fp/hard/libc.a(libc_a-reallocr.o)
                0x08010064                _realloc_r
 .text.__sflush_r
                0x080103b4      0x110 /Applications/STM32CubeIDE.app/Contents/Eclipse/plugins/com.st.stm32cube.ide.mcu.externaltools.gnu-tools-for-stm32.12.3.rel1.macos64_1.1.0.202410301201/tools/bin/../lib/gcc/arm-none-eabi/12.3.1/../../../../arm-none-eabi/lib/thumb/v7e-m+fp/hard/libc.a(libc_a-fflush.o)
                0x080103b4                __sflush_r
 .text._fflush_r
                0x080104c4       0x4a /Applications/STM32CubeIDE.app/Contents/Eclipse/plugins/com.st.stm32cube.ide.mcu.externaltools.gnu-tools-for-stm32.12.3.rel1.macos64_1.1.0.202410301201/tools/bin/../lib/gcc/arm-none-eabi/12.3.1/../../../../arm-none-eabi/lib/thumb/v7e-m+fp/hard/libc.a(libc_a-fflush.o)
                0x080104c4                _fflush_r
 *fill*         0x0801050e        0x2 
 .text.std      0x08010510       0x6c /Applications/STM32CubeIDE.app/Contents/Eclipse/plugins/com.st.stm32cube.ide.mcu.externaltools.gnu-tools-for-stm32.12.3.rel1.macos64_1.1.0.202410301201/tools/bin/../lib/gcc/arm-none-eabi/12.3.1/../../../../arm-none-eabi/lib/thumb/v7e-m+fp/hard/libc.a(libc_a-findfp.o)
 .text.stdio_exit_handler
                0x0801057c       0x18 /Applications/STM32CubeIDE.app/Contents/Eclipse/plugins/com.st.stm32cube.ide.mcu.externaltools.gnu-tools-for-stm32.12.3.rel1.macos64_1.1.0.202410301201/tools/bin/../lib/gcc/arm-none-eabi/12.3.1/../../../../arm-none-eabi/lib/thumb/v7e-m+fp/hard/libc.a(libc_a-findfp.o)
 .text.cleanup_stdio
                0x08010594       0x40 /Applications/STM32CubeIDE.app/Contents/Eclipse/plugins/com.st.stm32cube.ide.mcu.externaltools.gnu-tools-for-stm32.12.3.rel1.macos64_1.1.0.202410301201/tools/bin/../lib/gcc/arm-none-eabi/12.3.1/../../../../arm-none-eabi/lib/thumb/v7e-m+fp/hard/libc.a(libc_a-findfp.o)
 .text.global_stdio_init.part.0
                0x080105d4       0x3c /Applications/STM32CubeIDE.app/Contents/Eclipse/plugins/com.st.stm32cube.ide.mcu.externaltools.gnu-tools-for-stm32.12.3.rel1.macos64_1.1.0.202410301201/tools/bin/../lib/gcc/arm-none-eabi/12.3.1/../../../../arm-none-eabi/lib/thumb/v7e-m+fp/hard/libc.a(libc_a-findfp.o)
 .text.__sfp_lock_acquire
                0x08010610        0xc /Applications/STM32CubeIDE.app/Contents/Eclipse/plugins/com.st.stm32cube.ide.mcu.externaltools.gnu-tools-for-stm32.12.3.rel1.macos64_1.1.0.202410301201/tools/bin/../lib/gcc/arm-none-eabi/12.3.1/../../../../arm-none-eabi/lib/thumb/v7e-m+fp/hard/libc.a(libc_a-findfp.o)
                0x08010610                __sfp_lock_acquire
 .text.__sfp_lock_release
                0x0801061c        0xc /Applications/STM32CubeIDE.app/Contents/Eclipse/plugins/com.st.stm32cube.ide.mcu.externaltools.gnu-tools-for-stm32.12.3.rel1.macos64_1.1.0.202410301201/tools/bin/../lib/gcc/arm-none-eabi/12.3.1/../../../../arm-none-eabi/lib/thumb/v7e-m+fp/hard/libc.a(libc_a-findfp.o)
                0x0801061c                __sfp_lock_release
 .text.__sinit  0x08010628       0x30 /Applications/STM32CubeIDE.app/Contents/Eclipse/plugins/com.st.stm32cube.ide.mcu.externaltools.gnu-tools-for-stm32.12.3.rel1.macos64_1.1.0.202410301201/tools/bin/../lib/gcc/arm-none-eabi/12.3.1/../../../../arm-none-eabi/lib/thumb/v7e-m+fp/hard/libc.a(libc_a-findfp.o)
                0x08010628                __sinit
 .text.__sfvwrite_r
                0x08010658      0x298 /Applications/STM32CubeIDE.app/Contents/Eclipse/plugins/com.st.stm32cube.ide.mcu.externaltools.gnu-tools-for-stm32.12.3.rel1.macos64_1.1.0.202410301201/tools/bin/../lib/gcc/arm-none-eabi/12.3.1/../../../../arm-none-eabi/lib/thumb/v7e-m+fp/hard/libc.a(libc_a-fvwrite.o)
                0x08010658                __sfvwrite_r
 .text._fwalk_sglue
                0x080108f0       0x3c /Applications/STM32CubeIDE.app/Contents/Eclipse/plugins/com.st.stm32cube.ide.mcu.externaltools.gnu-tools-for-stm32.12.3.rel1.macos64_1.1.0.202410301201/tools/bin/../lib/gcc/arm-none-eabi/12.3.1/../../../../arm-none-eabi/lib/thumb/v7e-m+fp/hard/libc.a(libc_a-fwalk.o)
                0x080108f0                _fwalk_sglue
 .text.__swsetup_r
                0x0801092c       0xac /Applications/STM32CubeIDE.app/Contents/Eclipse/plugins/com.st.stm32cube.ide.mcu.externaltools.gnu-tools-for-stm32.12.3.rel1.macos64_1.1.0.202410301201/tools/bin/../lib/gcc/arm-none-eabi/12.3.1/../../../../arm-none-eabi/lib/thumb/v7e-m+fp/hard/libc.a(libc_a-wsetup.o)
                0x0801092c                __swsetup_r
 .text.__fputwc
                0x080109d8       0x82 /Applications/STM32CubeIDE.app/Contents/Eclipse/plugins/com.st.stm32cube.ide.mcu.externaltools.gnu-tools-for-stm32.12.3.rel1.macos64_1.1.0.202410301201/tools/bin/../lib/gcc/arm-none-eabi/12.3.1/../../../../arm-none-eabi/lib/thumb/v7e-m+fp/hard/libc.a(libc_a-fputwc.o)
                0x080109d8                __fputwc
 .text._fputwc_r
                0x08010a5a       0x52 /Applications/STM32CubeIDE.app/Contents/Eclipse/plugins/com.st.stm32cube.ide.mcu.externaltools.gnu-tools-for-stm32.12.3.rel1.macos64_1.1.0.202410301201/tools/bin/../lib/gcc/arm-none-eabi/12.3.1/../../../../arm-none-eabi/lib/thumb/v7e-m+fp/hard/libc.a(libc_a-fputwc.o)
                0x08010a5a                _fputwc_r
 .text.memmove  0x08010aac       0x34 /Applications/STM32CubeIDE.app/Contents/Eclipse/plugins/com.st.stm32cube.ide.mcu.externaltools.gnu-tools-for-stm32.12.3.rel1.macos64_1.1.0.202410301201/tools/bin/../lib/gcc/arm-none-eabi/12.3.1/../../../../arm-none-eabi/lib/thumb/v7e-m+fp/hard/libc.a(libc_a-memmove.o)
                0x08010aac                memmove
 .text.memset   0x08010ae0       0x10 /Applications/STM32CubeIDE.app/Contents/Eclipse/plugins/com.st.stm32cube.ide.mcu.externaltools.gnu-tools-for-stm32.12.3.rel1.macos64_1.1.0.202410301201/tools/bin/../lib/gcc/arm-none-eabi/12.3.1/../../../../arm-none-eabi/lib/thumb/v7e-m+fp/hard/libc.a(libc_a-memset.o)
                0x08010ae0                memset
 .text.strncpy  0x08010af0       0x26 /Applications/STM32CubeIDE.app/Contents/Eclipse/plugins/com.st.stm32cube.ide.mcu.externaltools.gnu-tools-for-stm32.12.3.rel1.macos64_1.1.0.202410301201/tools/bin/../lib/gcc/arm-none-eabi/12.3.1/../../../../arm-none-eabi/lib/thumb/v7e-m+fp/hard/libc.a(libc_a-strncpy.o)
                0x08010af0                strncpy
 .text._raise_r
                0x08010b16       0x52 /Applications/STM32CubeIDE.app/Contents/Eclipse/plugins/com.st.stm32cube.ide.mcu.externaltools.gnu-tools-for-stm32.12.3.rel1.macos64_1.1.0.202410301201/tools/bin/../lib/gcc/arm-none-eabi/12.3.1/../../../../arm-none-eabi/lib/thumb/v7e-m+fp/hard/libc.a(libc_a-signal.o)
                0x08010b16                _raise_r
 .text.raise    0x08010b68       0x10 /Applications/STM32CubeIDE.app/Contents/Eclipse/plugins/com.st.stm32cube.ide.mcu.externaltools.gnu-tools-for-stm32.12.3.rel1.macos64_1.1.0.202410301201/tools/bin/../lib/gcc/arm-none-eabi/12.3.1/../../../../arm-none-eabi/lib/thumb/v7e-m+fp/hard/libc.a(libc_a-signal.o)
                0x08010b68                raise
 .text.__locale_mb_cur_max
                0x08010b78        0xc /Applications/STM32CubeIDE.app/Contents/Eclipse/plugins/com.st.stm32cube.ide.mcu.externaltools.gnu-tools-for-stm32.12.3.rel1.macos64_1.1.0.202410301201/tools/bin/../lib/gcc/arm-none-eabi/12.3.1/../../../../arm-none-eabi/lib/thumb/v7e-m+fp/hard/libc.a(libc_a-locale.o)
                0x08010b78                __locale_mb_cur_max
 .text._localeconv_r
                0x08010b84        0x8 /Applications/STM32CubeIDE.app/Contents/Eclipse/plugins/com.st.stm32cube.ide.mcu.externaltools.gnu-tools-for-stm32.12.3.rel1.macos64_1.1.0.202410301201/tools/bin/../lib/gcc/arm-none-eabi/12.3.1/../../../../arm-none-eabi/lib/thumb/v7e-m+fp/hard/libc.a(libc_a-localeconv.o)
                0x08010b84                _localeconv_r
 .text.__cxa_atexit
                0x08010b8c        0xc /Applications/STM32CubeIDE.app/Contents/Eclipse/plugins/com.st.stm32cube.ide.mcu.externaltools.gnu-tools-for-stm32.12.3.rel1.macos64_1.1.0.202410301201/tools/bin/../lib/gcc/arm-none-eabi/12.3.1/../../../../arm-none-eabi/lib/thumb/v7e-m+fp/hard/libc.a(libc_a-cxa_atexit.o)
                0x08010b8c                __cxa_atexit
 .text._kill_r  0x08010b98       0x24 /Applications/STM32CubeIDE.app/Contents/Eclipse/plugins/com.st.stm32cube.ide.mcu.externaltools.gnu-tools-for-stm32.12.3.rel1.macos64_1.1.0.202410301201/tools/bin/../lib/gcc/arm-none-eabi/12.3.1/../../../../arm-none-eabi/lib/thumb/v7e-m+fp/hard/libc.a(libc_a-signalr.o)
                0x08010b98                _kill_r
 .text._getpid_r
                0x08010bbc        0x4 /Applications/STM32CubeIDE.app/Contents/Eclipse/plugins/com.st.stm32cube.ide.mcu.externaltools.gnu-tools-for-stm32.12.3.rel1.macos64_1.1.0.202410301201/tools/bin/../lib/gcc/arm-none-eabi/12.3.1/../../../../arm-none-eabi/lib/thumb/v7e-m+fp/hard/libc.a(libc_a-signalr.o)
                0x08010bbc                _getpid_r
 .text._sbrk_r  0x08010bc0       0x20 /Applications/STM32CubeIDE.app/Contents/Eclipse/plugins/com.st.stm32cube.ide.mcu.externaltools.gnu-tools-for-stm32.12.3.rel1.macos64_1.1.0.202410301201/tools/bin/../lib/gcc/arm-none-eabi/12.3.1/../../../../arm-none-eabi/lib/thumb/v7e-m+fp/hard/libc.a(libc_a-sbrkr.o)
                0x08010bc0                _sbrk_r
 .text.sysconf  0x08010be0       0x18 /Applications/STM32CubeIDE.app/Contents/Eclipse/plugins/com.st.stm32cube.ide.mcu.externaltools.gnu-tools-for-stm32.12.3.rel1.macos64_1.1.0.202410301201/tools/bin/../lib/gcc/arm-none-eabi/12.3.1/../../../../arm-none-eabi/lib/thumb/v7e-m+fp/hard/libc.a(libc_a-sysconf.o)
                0x08010be0                sysconf
 .text.__libc_init_array
                0x08010bf8       0x48 /Applications/STM32CubeIDE.app/Contents/Eclipse/plugins/com.st.stm32cube.ide.mcu.externaltools.gnu-tools-for-stm32.12.3.rel1.macos64_1.1.0.202410301201/tools/bin/../lib/gcc/arm-none-eabi/12.3.1/../../../../arm-none-eabi/lib/thumb/v7e-m+fp/hard/libc.a(libc_a-init.o)
                0x08010bf8                __libc_init_array
 .text.__retarget_lock_init_recursive
                0x08010c40        0x2 /Applications/STM32CubeIDE.app/Contents/Eclipse/plugins/com.st.stm32cube.ide.mcu.externaltools.gnu-tools-for-stm32.12.3.rel1.macos64_1.1.0.202410301201/tools/bin/../lib/gcc/arm-none-eabi/12.3.1/../../../../arm-none-eabi/lib/thumb/v7e-m+fp/hard/libc.a(libc_a-lock.o)
                0x08010c40                __retarget_lock_init_recursive
 .text.__retarget_lock_close_recursive
                0x08010c42        0x2 /Applications/STM32CubeIDE.app/Contents/Eclipse/plugins/com.st.stm32cube.ide.mcu.externaltools.gnu-tools-for-stm32.12.3.rel1.macos64_1.1.0.202410301201/tools/bin/../lib/gcc/arm-none-eabi/12.3.1/../../../../arm-none-eabi/lib/thumb/v7e-m+fp/hard/libc.a(libc_a-lock.o)
                0x08010c42                __retarget_lock_close_recursive
 .text.__retarget_lock_acquire_recursive
                0x08010c44        0x2 /Applications/STM32CubeIDE.app/Contents/Eclipse/plugins/com.st.stm32cube.ide.mcu.externaltools.gnu-tools-for-stm32.12.3.rel1.macos64_1.1.0.202410301201/tools/bin/../lib/gcc/arm-none-eabi/12.3.1/../../../../arm-none-eabi/lib/thumb/v7e-m+fp/hard/libc.a(libc_a-lock.o)
                0x08010c44                __retarget_lock_acquire_recursive
 .text.__retarget_lock_release_recursive
                0x08010c46        0x2 /Applications/STM32CubeIDE.app/Contents/Eclipse/plugins/com.st.stm32cube.ide.mcu.externaltools.gnu-tools-for-stm32.12.3.rel1.macos64_1.1.0.202410301201/tools/bin/../lib/gcc/arm-none-eabi/12.3.1/../../../../arm-none-eabi/lib/thumb/v7e-m+fp/hard/libc.a(libc_a-lock.o)
                0x08010c46                __retarget_lock_release_recursive
 .text.memcpy   0x08010c48       0x1c /Applications/STM32CubeIDE.app/Contents/Eclipse/plugins/com.st.stm32cube.ide.mcu.externaltools.gnu-tools-for-stm32.12.3.rel1.macos64_1.1.0.202410301201/tools/bin/../lib/gcc/arm-none-eabi/12.3.1/../../../../arm-none-eabi/lib/thumb/v7e-m+fp/hard/libc.a(libc_a-memcpy-stub.o)
                0x08010c48                memcpy
 .text._wcrtomb_r
                0x08010c64       0x2c /Applications/STM32CubeIDE.app/Contents/Eclipse/plugins/com.st.stm32cube.ide.mcu.externaltools.gnu-tools-for-stm32.12.3.rel1.macos64_1.1.0.202410301201/tools/bin/../lib/gcc/arm-none-eabi/12.3.1/../../../../arm-none-eabi/lib/thumb/v7e-m+fp/hard/libc.a(libc_a-wcrtomb.o)
                0x08010c64                _wcrtomb_r
 .text.__register_exitproc
                0x08010c90       0x80 /Applications/STM32CubeIDE.app/Contents/Eclipse/plugins/com.st.stm32cube.ide.mcu.externaltools.gnu-tools-for-stm32.12.3.rel1.macos64_1.1.0.202410301201/tools/bin/../lib/gcc/arm-none-eabi/12.3.1/../../../../arm-none-eabi/lib/thumb/v7e-m+fp/hard/libc.a(libc_a-__atexit.o)
                0x08010c90                __register_exitproc
 .text.frexp    0x08010d10       0x6c /Applications/STM32CubeIDE.app/Contents/Eclipse/plugins/com.st.stm32cube.ide.mcu.externaltools.gnu-tools-for-stm32.12.3.rel1.macos64_1.1.0.202410301201/tools/bin/../lib/gcc/arm-none-eabi/12.3.1/../../../../arm-none-eabi/lib/thumb/v7e-m+fp/hard/libc.a(libm_a-s_frexp.o)
                0x08010d10                frexp
 .text.startup.register_fini
                0x08010d7c       0x14 /Applications/STM32CubeIDE.app/Contents/Eclipse/plugins/com.st.stm32cube.ide.mcu.externaltools.gnu-tools-for-stm32.12.3.rel1.macos64_1.1.0.202410301201/tools/bin/../lib/gcc/arm-none-eabi/12.3.1/../../../../arm-none-eabi/lib/thumb/v7e-m+fp/hard/libc.a(libc_a-__call_atexit.o)
 .text.atexit   0x08010d90        0xc /Applications/STM32CubeIDE.app/Contents/Eclipse/plugins/com.st.stm32cube.ide.mcu.externaltools.gnu-tools-for-stm32.12.3.rel1.macos64_1.1.0.202410301201/tools/bin/../lib/gcc/arm-none-eabi/12.3.1/../../../../arm-none-eabi/lib/thumb/v7e-m+fp/hard/libc.a(libc_a-atexit.o)
                0x08010d90                atexit
 .text.quorem   0x08010d9c      0x110 /Applications/STM32CubeIDE.app/Contents/Eclipse/plugins/com.st.stm32cube.ide.mcu.externaltools.gnu-tools-for-stm32.12.3.rel1.macos64_1.1.0.202410301201/tools/bin/../lib/gcc/arm-none-eabi/12.3.1/../../../../arm-none-eabi/lib/thumb/v7e-m+fp/hard/libc.a(libc_a-dtoa.o)
 *fill*         0x08010eac        0x4 
 .text._dtoa_r  0x08010eb0      0xb58 /Applications/STM32CubeIDE.app/Contents/Eclipse/plugins/com.st.stm32cube.ide.mcu.externaltools.gnu-tools-for-stm32.12.3.rel1.macos64_1.1.0.202410301201/tools/bin/../lib/gcc/arm-none-eabi/12.3.1/../../../../arm-none-eabi/lib/thumb/v7e-m+fp/hard/libc.a(libc_a-dtoa.o)
                0x08010eb0                _dtoa_r
 .text._malloc_trim_r
                0x08011a08       0xac /Applications/STM32CubeIDE.app/Contents/Eclipse/plugins/com.st.stm32cube.ide.mcu.externaltools.gnu-tools-for-stm32.12.3.rel1.macos64_1.1.0.202410301201/tools/bin/../lib/gcc/arm-none-eabi/12.3.1/../../../../arm-none-eabi/lib/thumb/v7e-m+fp/hard/libc.a(libc_a-freer.o)
                0x08011a08                _malloc_trim_r
 .text._free_r  0x08011ab4      0x180 /Applications/STM32CubeIDE.app/Contents/Eclipse/plugins/com.st.stm32cube.ide.mcu.externaltools.gnu-tools-for-stm32.12.3.rel1.macos64_1.1.0.202410301201/tools/bin/../lib/gcc/arm-none-eabi/12.3.1/../../../../arm-none-eabi/lib/thumb/v7e-m+fp/hard/libc.a(libc_a-freer.o)
                0x08011ab4                _free_r
 .text.__ascii_mbtowc
                0x08011c34       0x24 /Applications/STM32CubeIDE.app/Contents/Eclipse/plugins/com.st.stm32cube.ide.mcu.externaltools.gnu-tools-for-stm32.12.3.rel1.macos64_1.1.0.202410301201/tools/bin/../lib/gcc/arm-none-eabi/12.3.1/../../../../arm-none-eabi/lib/thumb/v7e-m+fp/hard/libc.a(libc_a-mbtowc_r.o)
                0x08011c34                __ascii_mbtowc
 .text.__swhatbuf_r
                0x08011c58       0x50 /Applications/STM32CubeIDE.app/Contents/Eclipse/plugins/com.st.stm32cube.ide.mcu.externaltools.gnu-tools-for-stm32.12.3.rel1.macos64_1.1.0.202410301201/tools/bin/../lib/gcc/arm-none-eabi/12.3.1/../../../../arm-none-eabi/lib/thumb/v7e-m+fp/hard/libc.a(libc_a-makebuf.o)
                0x08011c58                __swhatbuf_r
 .text.__smakebuf_r
                0x08011ca8       0x78 /Applications/STM32CubeIDE.app/Contents/Eclipse/plugins/com.st.stm32cube.ide.mcu.externaltools.gnu-tools-for-stm32.12.3.rel1.macos64_1.1.0.202410301201/tools/bin/../lib/gcc/arm-none-eabi/12.3.1/../../../../arm-none-eabi/lib/thumb/v7e-m+fp/hard/libc.a(libc_a-makebuf.o)
                0x08011ca8                __smakebuf_r
 .text._Balloc  0x08011d20       0x4a /Applications/STM32CubeIDE.app/Contents/Eclipse/plugins/com.st.stm32cube.ide.mcu.externaltools.gnu-tools-for-stm32.12.3.rel1.macos64_1.1.0.202410301201/tools/bin/../lib/gcc/arm-none-eabi/12.3.1/../../../../arm-none-eabi/lib/thumb/v7e-m+fp/hard/libc.a(libc_a-mprec.o)
                0x08011d20                _Balloc
 .text._Bfree   0x08011d6a       0x12 /Applications/STM32CubeIDE.app/Contents/Eclipse/plugins/com.st.stm32cube.ide.mcu.externaltools.gnu-tools-for-stm32.12.3.rel1.macos64_1.1.0.202410301201/tools/bin/../lib/gcc/arm-none-eabi/12.3.1/../../../../arm-none-eabi/lib/thumb/v7e-m+fp/hard/libc.a(libc_a-mprec.o)
                0x08011d6a                _Bfree
 .text.__multadd
                0x08011d7c       0x8c /Applications/STM32CubeIDE.app/Contents/Eclipse/plugins/com.st.stm32cube.ide.mcu.externaltools.gnu-tools-for-stm32.12.3.rel1.macos64_1.1.0.202410301201/tools/bin/../lib/gcc/arm-none-eabi/12.3.1/../../../../arm-none-eabi/lib/thumb/v7e-m+fp/hard/libc.a(libc_a-mprec.o)
                0x08011d7c                __multadd
 .text.__hi0bits
                0x08011e08       0x3e /Applications/STM32CubeIDE.app/Contents/Eclipse/plugins/com.st.stm32cube.ide.mcu.externaltools.gnu-tools-for-stm32.12.3.rel1.macos64_1.1.0.202410301201/tools/bin/../lib/gcc/arm-none-eabi/12.3.1/../../../../arm-none-eabi/lib/thumb/v7e-m+fp/hard/libc.a(libc_a-mprec.o)
                0x08011e08                __hi0bits
 .text.__lo0bits
                0x08011e46       0x5a /Applications/STM32CubeIDE.app/Contents/Eclipse/plugins/com.st.stm32cube.ide.mcu.externaltools.gnu-tools-for-stm32.12.3.rel1.macos64_1.1.0.202410301201/tools/bin/../lib/gcc/arm-none-eabi/12.3.1/../../../../arm-none-eabi/lib/thumb/v7e-m+fp/hard/libc.a(libc_a-mprec.o)
                0x08011e46                __lo0bits
 .text.__i2b    0x08011ea0       0x2c /Applications/STM32CubeIDE.app/Contents/Eclipse/plugins/com.st.stm32cube.ide.mcu.externaltools.gnu-tools-for-stm32.12.3.rel1.macos64_1.1.0.202410301201/tools/bin/../lib/gcc/arm-none-eabi/12.3.1/../../../../arm-none-eabi/lib/thumb/v7e-m+fp/hard/libc.a(libc_a-mprec.o)
                0x08011ea0                __i2b
 .text.__multiply
                0x08011ecc      0x154 /Applications/STM32CubeIDE.app/Contents/Eclipse/plugins/com.st.stm32cube.ide.mcu.externaltools.gnu-tools-for-stm32.12.3.rel1.macos64_1.1.0.202410301201/tools/bin/../lib/gcc/arm-none-eabi/12.3.1/../../../../arm-none-eabi/lib/thumb/v7e-m+fp/hard/libc.a(libc_a-mprec.o)
                0x08011ecc                __multiply
 .text.__pow5mult
                0x08012020       0x80 /Applications/STM32CubeIDE.app/Contents/Eclipse/plugins/com.st.stm32cube.ide.mcu.externaltools.gnu-tools-for-stm32.12.3.rel1.macos64_1.1.0.202410301201/tools/bin/../lib/gcc/arm-none-eabi/12.3.1/../../../../arm-none-eabi/lib/thumb/v7e-m+fp/hard/libc.a(libc_a-mprec.o)
                0x08012020                __pow5mult
 .text.__lshift
                0x080120a0       0xd8 /Applications/STM32CubeIDE.app/Contents/Eclipse/plugins/com.st.stm32cube.ide.mcu.externaltools.gnu-tools-for-stm32.12.3.rel1.macos64_1.1.0.202410301201/tools/bin/../lib/gcc/arm-none-eabi/12.3.1/../../../../arm-none-eabi/lib/thumb/v7e-m+fp/hard/libc.a(libc_a-mprec.o)
                0x080120a0                __lshift
 .text.__mcmp   0x08012178       0x36 /Applications/STM32CubeIDE.app/Contents/Eclipse/plugins/com.st.stm32cube.ide.mcu.externaltools.gnu-tools-for-stm32.12.3.rel1.macos64_1.1.0.202410301201/tools/bin/../lib/gcc/arm-none-eabi/12.3.1/../../../../arm-none-eabi/lib/thumb/v7e-m+fp/hard/libc.a(libc_a-mprec.o)
                0x08012178                __mcmp
 *fill*         0x080121ae        0x2 
 .text.__mdiff  0x080121b0      0x128 /Applications/STM32CubeIDE.app/Contents/Eclipse/plugins/com.st.stm32cube.ide.mcu.externaltools.gnu-tools-for-stm32.12.3.rel1.macos64_1.1.0.202410301201/tools/bin/../lib/gcc/arm-none-eabi/12.3.1/../../../../arm-none-eabi/lib/thumb/v7e-m+fp/hard/libc.a(libc_a-mprec.o)
                0x080121b0                __mdiff
 .text.__d2b    0x080122d8       0xb0 /Applications/STM32CubeIDE.app/Contents/Eclipse/plugins/com.st.stm32cube.ide.mcu.externaltools.gnu-tools-for-stm32.12.3.rel1.macos64_1.1.0.202410301201/tools/bin/../lib/gcc/arm-none-eabi/12.3.1/../../../../arm-none-eabi/lib/thumb/v7e-m+fp/hard/libc.a(libc_a-mprec.o)
                0x080122d8                __d2b
 .text._fclose_r
                0x08012388       0xaa /Applications/STM32CubeIDE.app/Contents/Eclipse/plugins/com.st.stm32cube.ide.mcu.externaltools.gnu-tools-for-stm32.12.3.rel1.macos64_1.1.0.202410301201/tools/bin/../lib/gcc/arm-none-eabi/12.3.1/../../../../arm-none-eabi/lib/thumb/v7e-m+fp/hard/libc.a(libc_a-fclose.o)
                0x08012388                _fclose_r
 .text.__sread  0x08012432       0x22 /Applications/STM32CubeIDE.app/Contents/Eclipse/plugins/com.st.stm32cube.ide.mcu.externaltools.gnu-tools-for-stm32.12.3.rel1.macos64_1.1.0.202410301201/tools/bin/../lib/gcc/arm-none-eabi/12.3.1/../../../../arm-none-eabi/lib/thumb/v7e-m+fp/hard/libc.a(libc_a-stdio.o)
                0x08012432                __sread
 .text.__swrite
                0x08012454       0x38 /Applications/STM32CubeIDE.app/Contents/Eclipse/plugins/com.st.stm32cube.ide.mcu.externaltools.gnu-tools-for-stm32.12.3.rel1.macos64_1.1.0.202410301201/tools/bin/../lib/gcc/arm-none-eabi/12.3.1/../../../../arm-none-eabi/lib/thumb/v7e-m+fp/hard/libc.a(libc_a-stdio.o)
                0x08012454                __swrite
 .text.__sseek  0x0801248c       0x24 /Applications/STM32CubeIDE.app/Contents/Eclipse/plugins/com.st.stm32cube.ide.mcu.externaltools.gnu-tools-for-stm32.12.3.rel1.macos64_1.1.0.202410301201/tools/bin/../lib/gcc/arm-none-eabi/12.3.1/../../../../arm-none-eabi/lib/thumb/v7e-m+fp/hard/libc.a(libc_a-stdio.o)
                0x0801248c                __sseek
 .text.__sclose
                0x080124b0        0x8 /Applications/STM32CubeIDE.app/Contents/Eclipse/plugins/com.st.stm32cube.ide.mcu.externaltools.gnu-tools-for-stm32.12.3.rel1.macos64_1.1.0.202410301201/tools/bin/../lib/gcc/arm-none-eabi/12.3.1/../../../../arm-none-eabi/lib/thumb/v7e-m+fp/hard/libc.a(libc_a-stdio.o)
                0x080124b0                __sclose
 .text.__ascii_wctomb
                0x080124b8       0x1a /Applications/STM32CubeIDE.app/Contents/Eclipse/plugins/com.st.stm32cube.ide.mcu.externaltools.gnu-tools-for-stm32.12.3.rel1.macos64_1.1.0.202410301201/tools/bin/../lib/gcc/arm-none-eabi/12.3.1/../../../../arm-none-eabi/lib/thumb/v7e-m+fp/hard/libc.a(libc_a-wctomb_r.o)
                0x080124b8                __ascii_wctomb
 .text.__swbuf_r
                0x080124d2       0x92 /Applications/STM32CubeIDE.app/Contents/Eclipse/plugins/com.st.stm32cube.ide.mcu.externaltools.gnu-tools-for-stm32.12.3.rel1.macos64_1.1.0.202410301201/tools/bin/../lib/gcc/arm-none-eabi/12.3.1/../../../../arm-none-eabi/lib/thumb/v7e-m+fp/hard/libc.a(libc_a-wbuf.o)
                0x080124d2                __swbuf_r
 .text._close_r
                0x08012564       0x20 /Applications/STM32CubeIDE.app/Contents/Eclipse/plugins/com.st.stm32cube.ide.mcu.externaltools.gnu-tools-for-stm32.12.3.rel1.macos64_1.1.0.202410301201/tools/bin/../lib/gcc/arm-none-eabi/12.3.1/../../../../arm-none-eabi/lib/thumb/v7e-m+fp/hard/libc.a(libc_a-closer.o)
                0x08012564                _close_r
 .text._fstat_r
                0x08012584       0x24 /Applications/STM32CubeIDE.app/Contents/Eclipse/plugins/com.st.stm32cube.ide.mcu.externaltools.gnu-tools-for-stm32.12.3.rel1.macos64_1.1.0.202410301201/tools/bin/../lib/gcc/arm-none-eabi/12.3.1/../../../../arm-none-eabi/lib/thumb/v7e-m+fp/hard/libc.a(libc_a-fstatr.o)
                0x08012584                _fstat_r
 .text._isatty_r
                0x080125a8       0x20 /Applications/STM32CubeIDE.app/Contents/Eclipse/plugins/com.st.stm32cube.ide.mcu.externaltools.gnu-tools-for-stm32.12.3.rel1.macos64_1.1.0.202410301201/tools/bin/../lib/gcc/arm-none-eabi/12.3.1/../../../../arm-none-eabi/lib/thumb/v7e-m+fp/hard/libc.a(libc_a-isattyr.o)
                0x080125a8                _isatty_r
 .text._lseek_r
                0x080125c8       0x24 /Applications/STM32CubeIDE.app/Contents/Eclipse/plugins/com.st.stm32cube.ide.mcu.externaltools.gnu-tools-for-stm32.12.3.rel1.macos64_1.1.0.202410301201/tools/bin/../lib/gcc/arm-none-eabi/12.3.1/../../../../arm-none-eabi/lib/thumb/v7e-m+fp/hard/libc.a(libc_a-lseekr.o)
                0x080125c8                _lseek_r
 .text._read_r  0x080125ec       0x24 /Applications/STM32CubeIDE.app/Contents/Eclipse/plugins/com.st.stm32cube.ide.mcu.externaltools.gnu-tools-for-stm32.12.3.rel1.macos64_1.1.0.202410301201/tools/bin/../lib/gcc/arm-none-eabi/12.3.1/../../../../arm-none-eabi/lib/thumb/v7e-m+fp/hard/libc.a(libc_a-readr.o)
                0x080125ec                _read_r
 .text._write_r
                0x08012610       0x24 /Applications/STM32CubeIDE.app/Contents/Eclipse/plugins/com.st.stm32cube.ide.mcu.externaltools.gnu-tools-for-stm32.12.3.rel1.macos64_1.1.0.202410301201/tools/bin/../lib/gcc/arm-none-eabi/12.3.1/../../../../arm-none-eabi/lib/thumb/v7e-m+fp/hard/libc.a(libc_a-writer.o)
                0x08012610                _write_r
 .text.__errno  0x08012634        0xc /Applications/STM32CubeIDE.app/Contents/Eclipse/plugins/com.st.stm32cube.ide.mcu.externaltools.gnu-tools-for-stm32.12.3.rel1.macos64_1.1.0.202410301201/tools/bin/../lib/gcc/arm-none-eabi/12.3.1/../../../../arm-none-eabi/lib/thumb/v7e-m+fp/hard/libc.a(libc_a-errno.o)
                0x08012634                __errno
 .text.__libc_fini_array
                0x08012640       0x28 /Applications/STM32CubeIDE.app/Contents/Eclipse/plugins/com.st.stm32cube.ide.mcu.externaltools.gnu-tools-for-stm32.12.3.rel1.macos64_1.1.0.202410301201/tools/bin/../lib/gcc/arm-none-eabi/12.3.1/../../../../arm-none-eabi/lib/thumb/v7e-m+fp/hard/libc.a(libc_a-fini.o)
                0x08012640                __libc_fini_array
 .text.__assert_func
                0x08012668       0x3c /Applications/STM32CubeIDE.app/Contents/Eclipse/plugins/com.st.stm32cube.ide.mcu.externaltools.gnu-tools-for-stm32.12.3.rel1.macos64_1.1.0.202410301201/tools/bin/../lib/gcc/arm-none-eabi/12.3.1/../../../../arm-none-eabi/lib/thumb/v7e-m+fp/hard/libc.a(libc_a-assert.o)
                0x08012668                __assert_func
 .text._calloc_r
                0x080126a4       0x6a /Applications/STM32CubeIDE.app/Contents/Eclipse/plugins/com.st.stm32cube.ide.mcu.externaltools.gnu-tools-for-stm32.12.3.rel1.macos64_1.1.0.202410301201/tools/bin/../lib/gcc/arm-none-eabi/12.3.1/../../../../arm-none-eabi/lib/thumb/v7e-m+fp/hard/libc.a(libc_a-callocr.o)
                0x080126a4                _calloc_r
 *fill*         0x0801270e        0x2 
 .text.fiprintf
                0x08012710       0x24 /Applications/STM32CubeIDE.app/Contents/Eclipse/plugins/com.st.stm32cube.ide.mcu.externaltools.gnu-tools-for-stm32.12.3.rel1.macos64_1.1.0.202410301201/tools/bin/../lib/gcc/arm-none-eabi/12.3.1/../../../../arm-none-eabi/lib/thumb/v7e-m+fp/hard/libc.a(libc_a-fiprintf.o)
                0x08012710                fiprintf
 .text._getpid  0x08012734       0x10 /Applications/STM32CubeIDE.app/Contents/Eclipse/plugins/com.st.stm32cube.ide.mcu.externaltools.gnu-tools-for-stm32.12.3.rel1.macos64_1.1.0.202410301201/tools/bin/../lib/gcc/arm-none-eabi/12.3.1/../../../../arm-none-eabi/lib/thumb/v7e-m+fp/hard/libnosys.a(getpid.o)
                0x08012734                _getpid
 .text._kill    0x08012744       0x10 /Applications/STM32CubeIDE.app/Contents/Eclipse/plugins/com.st.stm32cube.ide.mcu.externaltools.gnu-tools-for-stm32.12.3.rel1.macos64_1.1.0.202410301201/tools/bin/../lib/gcc/arm-none-eabi/12.3.1/../../../../arm-none-eabi/lib/thumb/v7e-m+fp/hard/libnosys.a(kill.o)
                0x08012744                _kill
 .text._sbrk    0x08012754       0x1c /Applications/STM32CubeIDE.app/Contents/Eclipse/plugins/com.st.stm32cube.ide.mcu.externaltools.gnu-tools-for-stm32.12.3.rel1.macos64_1.1.0.202410301201/tools/bin/../lib/gcc/arm-none-eabi/12.3.1/../../../../arm-none-eabi/lib/thumb/v7e-m+fp/hard/libnosys.a(sbrk.o)
                0x08012754                _sbrk
 *(.glue_7)
 .glue_7        0x08012770        0x0 linker stubs
 *(.glue_7t)
 .glue_7t       0x08012770        0x0 linker stubs
 *(.eh_frame)
 .eh_frame      0x08012770        0x0 /Applications/STM32CubeIDE.app/Contents/Eclipse/plugins/com.st.stm32cube.ide.mcu.externaltools.gnu-tools-for-stm32.12.3.rel1.macos64_1.1.0.202410301201/tools/bin/../lib/gcc/arm-none-eabi/12.3.1/thumb/v7e-m+fp/hard/crtbegin.o
 *(.init)
 .init          0x08012770        0x4 /Applications/STM32CubeIDE.app/Contents/Eclipse/plugins/com.st.stm32cube.ide.mcu.externaltools.gnu-tools-for-stm32.12.3.rel1.macos64_1.1.0.202410301201/tools/bin/../lib/gcc/arm-none-eabi/12.3.1/thumb/v7e-m+fp/hard/crti.o
                0x08012770                _init
 .init          0x08012774        0x8 /Applications/STM32CubeIDE.app/Contents/Eclipse/plugins/com.st.stm32cube.ide.mcu.externaltools.gnu-tools-for-stm32.12.3.rel1.macos64_1.1.0.202410301201/tools/bin/../lib/gcc/arm-none-eabi/12.3.1/thumb/v7e-m+fp/hard/crtn.o
 *(.fini)
 .fini          0x0801277c        0x4 /Applications/STM32CubeIDE.app/Contents/Eclipse/plugins/com.st.stm32cube.ide.mcu.externaltools.gnu-tools-for-stm32.12.3.rel1.macos64_1.1.0.202410301201/tools/bin/../lib/gcc/arm-none-eabi/12.3.1/thumb/v7e-m+fp/hard/crti.o
                0x0801277c                _fini
 .fini          0x08012780        0x8 /Applications/STM32CubeIDE.app/Contents/Eclipse/plugins/com.st.stm32cube.ide.mcu.externaltools.gnu-tools-for-stm32.12.3.rel1.macos64_1.1.0.202410301201/tools/bin/../lib/gcc/arm-none-eabi/12.3.1/thumb/v7e-m+fp/hard/crtn.o
                0x08012788                        . = ALIGN (0x4)
                0x08012788                        _etext = .

.vfp11_veneer   0x08012788        0x0
 .vfp11_veneer  0x08012788        0x0 linker stubs

.v4_bx          0x08012788        0x0
 .v4_bx         0x08012788        0x0 linker stubs

.iplt           0x08012788        0x0
 .iplt          0x08012788        0x0 /Applications/STM32CubeIDE.app/Contents/Eclipse/plugins/com.st.stm32cube.ide.mcu.externaltools.gnu-tools-for-stm32.12.3.rel1.macos64_1.1.0.202410301201/tools/bin/../lib/gcc/arm-none-eabi/12.3.1/thumb/v7e-m+fp/hard/crtbegin.o

.rodata         0x08012788    0x7f464
                0x08012788                        . = ALIGN (0x4)
 *(.rodata)
 *(.rodata*)
 .rodata.main.str1.4
                0x08012788        0x6 ./Src/main.o
 *fill*         0x0801278e        0x2 
 .rodata._ZL6person
                0x08012790     0x4b00 ./Src/main.o
 .rodata.weight5
                0x08017290      0x300 ./Src/TinyEngine/codegen/Source/genModel.o
                0x08017290                weight5
 .rodata.bias5  0x08017590       0x40 ./Src/TinyEngine/codegen/Source/genModel.o
                0x08017590                bias5
 .rodata.shift5
                0x080175d0       0x40 ./Src/TinyEngine/codegen/Source/genModel.o
                0x080175d0                shift5
 .rodata.multiplier5
                0x08017610       0x40 ./Src/TinyEngine/codegen/Source/genModel.o
                0x08017610                multiplier5
 .rodata.weight6
                0x08017650      0x300 ./Src/TinyEngine/codegen/Source/genModel.o
                0x08017650                weight6
 .rodata.bias6  0x08017950       0xc0 ./Src/TinyEngine/codegen/Source/genModel.o
                0x08017950                bias6
 .rodata.shift6
                0x08017a10       0xc0 ./Src/TinyEngine/codegen/Source/genModel.o
                0x08017a10                shift6
 .rodata.multiplier6
                0x08017ad0       0xc0 ./Src/TinyEngine/codegen/Source/genModel.o
                0x08017ad0                multiplier6
 .rodata.CHWweight7
                0x08017b90      0x1b0 ./Src/TinyEngine/codegen/Source/genModel.o
                0x08017b90                CHWweight7
 .rodata.offsetBias7
                0x08017d40       0xc0 ./Src/TinyEngine/codegen/Source/genModel.o
                0x08017d40                offsetBias7
 .rodata.offsetRBias7
                0x08017e00       0xc0 ./Src/TinyEngine/codegen/Source/genModel.o
                0x08017e00                offsetRBias7
 .rodata.shift7
                0x08017ec0       0xc0 ./Src/TinyEngine/codegen/Source/genModel.o
                0x08017ec0                shift7
 .rodata.multiplier7
                0x08017f80       0xc0 ./Src/TinyEngine/codegen/Source/genModel.o
                0x08017f80                multiplier7
 .rodata.weight8
                0x08018040      0x300 ./Src/TinyEngine/codegen/Source/genModel.o
                0x08018040                weight8
 .rodata.bias8  0x08018340       0x40 ./Src/TinyEngine/codegen/Source/genModel.o
                0x08018340                bias8
 .rodata.shift8
                0x08018380       0x40 ./Src/TinyEngine/codegen/Source/genModel.o
                0x08018380                shift8
 .rodata.multiplier8
                0x080183c0       0x40 ./Src/TinyEngine/codegen/Source/genModel.o
                0x080183c0                multiplier8
 .rodata.weight9
                0x08018400      0x300 ./Src/TinyEngine/codegen/Source/genModel.o
                0x08018400                weight9
 .rodata.bias9  0x08018700       0xc0 ./Src/TinyEngine/codegen/Source/genModel.o
                0x08018700                bias9
 .rodata.shift9
                0x080187c0       0xc0 ./Src/TinyEngine/codegen/Source/genModel.o
                0x080187c0                shift9
 .rodata.multiplier9
                0x08018880       0xc0 ./Src/TinyEngine/codegen/Source/genModel.o
                0x08018880                multiplier9
 .rodata.CHWweight10
                0x08018940      0x1b0 ./Src/TinyEngine/codegen/Source/genModel.o
                0x08018940                CHWweight10
 .rodata.offsetBias10
                0x08018af0       0xc0 ./Src/TinyEngine/codegen/Source/genModel.o
                0x08018af0                offsetBias10
 .rodata.offsetRBias10
                0x08018bb0       0xc0 ./Src/TinyEngine/codegen/Source/genModel.o
                0x08018bb0                offsetRBias10
 .rodata.shift10
                0x08018c70       0xc0 ./Src/TinyEngine/codegen/Source/genModel.o
                0x08018c70                shift10
 .rodata.multiplier10
                0x08018d30       0xc0 ./Src/TinyEngine/codegen/Source/genModel.o
                0x08018d30                multiplier10
 .rodata.weight11
                0x08018df0      0x300 ./Src/TinyEngine/codegen/Source/genModel.o
                0x08018df0                weight11
 .rodata.bias11
                0x080190f0       0x40 ./Src/TinyEngine/codegen/Source/genModel.o
                0x080190f0                bias11
 .rodata.shift11
                0x08019130       0x40 ./Src/TinyEngine/codegen/Source/genModel.o
                0x08019130                shift11
 .rodata.multiplier11
                0x08019170       0x40 ./Src/TinyEngine/codegen/Source/genModel.o
                0x08019170                multiplier11
 .rodata.weight12
                0x080191b0      0x300 ./Src/TinyEngine/codegen/Source/genModel.o
                0x080191b0                weight12
 .rodata.bias12
                0x080194b0       0xc0 ./Src/TinyEngine/codegen/Source/genModel.o
                0x080194b0                bias12
 .rodata.shift12
                0x08019570       0xc0 ./Src/TinyEngine/codegen/Source/genModel.o
                0x08019570                shift12
 .rodata.multiplier12
                0x08019630       0xc0 ./Src/TinyEngine/codegen/Source/genModel.o
                0x08019630                multiplier12
 .rodata.CHWweight13
                0x080196f0      0x930 ./Src/TinyEngine/codegen/Source/genModel.o
                0x080196f0                CHWweight13
 .rodata.offsetBias13
                0x0801a020       0xc0 ./Src/TinyEngine/codegen/Source/genModel.o
                0x0801a020                offsetBias13
 .rodata.offsetRBias13
                0x0801a0e0       0xc0 ./Src/TinyEngine/codegen/Source/genModel.o
                0x0801a0e0                offsetRBias13
 .rodata.shift13
                0x0801a1a0       0xc0 ./Src/TinyEngine/codegen/Source/genModel.o
                0x0801a1a0                shift13
 .rodata.multiplier13
                0x0801a260       0xc0 ./Src/TinyEngine/codegen/Source/genModel.o
                0x0801a260                multiplier13
 .rodata.weight14
                0x0801a320      0x480 ./Src/TinyEngine/codegen/Source/genModel.o
                0x0801a320                weight14
 .rodata.bias14
                0x0801a7a0       0x60 ./Src/TinyEngine/codegen/Source/genModel.o
                0x0801a7a0                bias14
 .rodata.shift14
                0x0801a800       0x60 ./Src/TinyEngine/codegen/Source/genModel.o
                0x0801a800                shift14
 .rodata.multiplier14
                0x0801a860       0x60 ./Src/TinyEngine/codegen/Source/genModel.o
                0x0801a860                multiplier14
 .rodata.weight15
                0x0801a8c0      0xd80 ./Src/TinyEngine/codegen/Source/genModel.o
                0x0801a8c0                weight15
 .rodata.bias15
                0x0801b640      0x240 ./Src/TinyEngine/codegen/Source/genModel.o
                0x0801b640                bias15
 .rodata.shift15
                0x0801b880      0x240 ./Src/TinyEngine/codegen/Source/genModel.o
                0x0801b880                shift15
 .rodata.multiplier15
                0x0801bac0      0x240 ./Src/TinyEngine/codegen/Source/genModel.o
                0x0801bac0                multiplier15
 .rodata.CHWweight16
                0x0801bd00      0x510 ./Src/TinyEngine/codegen/Source/genModel.o
                0x0801bd00                CHWweight16
 .rodata.offsetBias16
                0x0801c210      0x240 ./Src/TinyEngine/codegen/Source/genModel.o
                0x0801c210                offsetBias16
 .rodata.offsetRBias16
                0x0801c450      0x240 ./Src/TinyEngine/codegen/Source/genModel.o
                0x0801c450                offsetRBias16
 .rodata.shift16
                0x0801c690      0x240 ./Src/TinyEngine/codegen/Source/genModel.o
                0x0801c690                shift16
 .rodata.multiplier16
                0x0801c8d0      0x240 ./Src/TinyEngine/codegen/Source/genModel.o
                0x0801c8d0                multiplier16
 .rodata.weight17
                0x0801cb10      0xd80 ./Src/TinyEngine/codegen/Source/genModel.o
                0x0801cb10                weight17
 .rodata.bias17
                0x0801d890       0x60 ./Src/TinyEngine/codegen/Source/genModel.o
                0x0801d890                bias17
 .rodata.shift17
                0x0801d8f0       0x60 ./Src/TinyEngine/codegen/Source/genModel.o
                0x0801d8f0                shift17
 .rodata.multiplier17
                0x0801d950       0x60 ./Src/TinyEngine/codegen/Source/genModel.o
                0x0801d950                multiplier17
 .rodata.weight18
                0x0801d9b0      0xb40 ./Src/TinyEngine/codegen/Source/genModel.o
                0x0801d9b0                weight18
 .rodata.bias18
                0x0801e4f0      0x1e0 ./Src/TinyEngine/codegen/Source/genModel.o
                0x0801e4f0                bias18
 .rodata.shift18
                0x0801e6d0      0x1e0 ./Src/TinyEngine/codegen/Source/genModel.o
                0x0801e6d0                shift18
 .rodata.multiplier18
                0x0801e8b0      0x1e0 ./Src/TinyEngine/codegen/Source/genModel.o
                0x0801e8b0                multiplier18
 .rodata.CHWweight19
                0x0801ea90      0xbb8 ./Src/TinyEngine/codegen/Source/genModel.o
                0x0801ea90                CHWweight19
 .rodata.offsetBias19
                0x0801f648      0x1e0 ./Src/TinyEngine/codegen/Source/genModel.o
                0x0801f648                offsetBias19
 .rodata.offsetRBias19
                0x0801f828      0x1e0 ./Src/TinyEngine/codegen/Source/genModel.o
                0x0801f828                offsetRBias19
 .rodata.shift19
                0x0801fa08      0x1e0 ./Src/TinyEngine/codegen/Source/genModel.o
                0x0801fa08                shift19
 .rodata.multiplier19
                0x0801fbe8      0x1e0 ./Src/TinyEngine/codegen/Source/genModel.o
                0x0801fbe8                multiplier19
 .rodata.weight20
                0x0801fdc8      0xb40 ./Src/TinyEngine/codegen/Source/genModel.o
                0x0801fdc8                weight20
 .rodata.bias20
                0x08020908       0x60 ./Src/TinyEngine/codegen/Source/genModel.o
                0x08020908                bias20
 .rodata.shift20
                0x08020968       0x60 ./Src/TinyEngine/codegen/Source/genModel.o
                0x08020968                shift20
 .rodata.multiplier20
                0x080209c8       0x60 ./Src/TinyEngine/codegen/Source/genModel.o
                0x080209c8                multiplier20
 .rodata.weight21
                0x08020a28      0xd80 ./Src/TinyEngine/codegen/Source/genModel.o
                0x08020a28                weight21
 .rodata.bias21
                0x080217a8      0x240 ./Src/TinyEngine/codegen/Source/genModel.o
                0x080217a8                bias21
 .rodata.shift21
                0x080219e8      0x240 ./Src/TinyEngine/codegen/Source/genModel.o
                0x080219e8                shift21
 .rodata.multiplier21
                0x08021c28      0x240 ./Src/TinyEngine/codegen/Source/genModel.o
                0x08021c28                multiplier21
 .rodata.CHWweight22
                0x08021e68     0x1b90 ./Src/TinyEngine/codegen/Source/genModel.o
                0x08021e68                CHWweight22
 .rodata.offsetBias22
                0x080239f8      0x240 ./Src/TinyEngine/codegen/Source/genModel.o
                0x080239f8                offsetBias22
 .rodata.offsetRBias22
                0x08023c38      0x240 ./Src/TinyEngine/codegen/Source/genModel.o
                0x08023c38                offsetRBias22
 .rodata.shift22
                0x08023e78      0x240 ./Src/TinyEngine/codegen/Source/genModel.o
                0x08023e78                shift22
 .rodata.multiplier22
                0x080240b8      0x240 ./Src/TinyEngine/codegen/Source/genModel.o
                0x080240b8                multiplier22
 .rodata.weight23
                0x080242f8     0x1680 ./Src/TinyEngine/codegen/Source/genModel.o
                0x080242f8                weight23
 .rodata.bias23
                0x08025978       0xa0 ./Src/TinyEngine/codegen/Source/genModel.o
                0x08025978                bias23
 .rodata.shift23
                0x08025a18       0xa0 ./Src/TinyEngine/codegen/Source/genModel.o
                0x08025a18                shift23
 .rodata.multiplier23
                0x08025ab8       0xa0 ./Src/TinyEngine/codegen/Source/genModel.o
                0x08025ab8                multiplier23
 .rodata.weight24
                0x08025b58     0x2580 ./Src/TinyEngine/codegen/Source/genModel.o
                0x08025b58                weight24
 .rodata.bias24
                0x080280d8      0x3c0 ./Src/TinyEngine/codegen/Source/genModel.o
                0x080280d8                bias24
 .rodata.shift24
                0x08028498      0x3c0 ./Src/TinyEngine/codegen/Source/genModel.o
                0x08028498                shift24
 .rodata.multiplier24
                0x08028858      0x3c0 ./Src/TinyEngine/codegen/Source/genModel.o
                0x08028858                multiplier24
 .rodata.CHWweight25
                0x08028c18     0x2df0 ./Src/TinyEngine/codegen/Source/genModel.o
                0x08028c18                CHWweight25
 .rodata.offsetBias25
                0x0802ba08      0x3c0 ./Src/TinyEngine/codegen/Source/genModel.o
                0x0802ba08                offsetBias25
 .rodata.offsetRBias25
                0x0802bdc8      0x3c0 ./Src/TinyEngine/codegen/Source/genModel.o
                0x0802bdc8                offsetRBias25
 .rodata.shift25
                0x0802c188      0x3c0 ./Src/TinyEngine/codegen/Source/genModel.o
                0x0802c188                shift25
 .rodata.multiplier25
                0x0802c548      0x3c0 ./Src/TinyEngine/codegen/Source/genModel.o
                0x0802c548                multiplier25
 .rodata.weight26
                0x0802c908     0x2580 ./Src/TinyEngine/codegen/Source/genModel.o
                0x0802c908                weight26
 .rodata.bias26
                0x0802ee88       0xa0 ./Src/TinyEngine/codegen/Source/genModel.o
                0x0802ee88                bias26
 .rodata.shift26
                0x0802ef28       0xa0 ./Src/TinyEngine/codegen/Source/genModel.o
                0x0802ef28                shift26
 .rodata.multiplier26
                0x0802efc8       0xa0 ./Src/TinyEngine/codegen/Source/genModel.o
                0x0802efc8                multiplier26
 .rodata.weight27
                0x0802f068     0x2580 ./Src/TinyEngine/codegen/Source/genModel.o
                0x0802f068                weight27
 .rodata.bias27
                0x080315e8      0x3c0 ./Src/TinyEngine/codegen/Source/genModel.o
                0x080315e8                bias27
 .rodata.shift27
                0x080319a8      0x3c0 ./Src/TinyEngine/codegen/Source/genModel.o
                0x080319a8                shift27
 .rodata.multiplier27
                0x08031d68      0x3c0 ./Src/TinyEngine/codegen/Source/genModel.o
                0x08031d68                multiplier27
 .rodata.CHWweight28
                0x08032128      0x870 ./Src/TinyEngine/codegen/Source/genModel.o
                0x08032128                CHWweight28
 .rodata.offsetBias28
                0x08032998      0x3c0 ./Src/TinyEngine/codegen/Source/genModel.o
                0x08032998                offsetBias28
 .rodata.offsetRBias28
                0x08032d58      0x3c0 ./Src/TinyEngine/codegen/Source/genModel.o
                0x08032d58                offsetRBias28
 .rodata.shift28
                0x08033118      0x3c0 ./Src/TinyEngine/codegen/Source/genModel.o
                0x08033118                shift28
 .rodata.multiplier28
                0x080334d8      0x3c0 ./Src/TinyEngine/codegen/Source/genModel.o
                0x080334d8                multiplier28
 .rodata.weight29
                0x08033898     0x2d00 ./Src/TinyEngine/codegen/Source/genModel.o
                0x08033898                weight29
 .rodata.bias29
                0x08036598       0xc0 ./Src/TinyEngine/codegen/Source/genModel.o
                0x08036598                bias29
 .rodata.shift29
                0x08036658       0xc0 ./Src/TinyEngine/codegen/Source/genModel.o
                0x08036658                shift29
 .rodata.multiplier29
                0x08036718       0xc0 ./Src/TinyEngine/codegen/Source/genModel.o
                0x08036718                multiplier29
 .rodata.weight30
                0x080367d8     0x2400 ./Src/TinyEngine/codegen/Source/genModel.o
                0x080367d8                weight30
 .rodata.bias30
                0x08038bd8      0x300 ./Src/TinyEngine/codegen/Source/genModel.o
                0x08038bd8                bias30
 .rodata.shift30
                0x08038ed8      0x300 ./Src/TinyEngine/codegen/Source/genModel.o
                0x08038ed8                shift30
 .rodata.multiplier30
                0x080391d8      0x300 ./Src/TinyEngine/codegen/Source/genModel.o
                0x080391d8                multiplier30
 .rodata.CHWweight31
                0x080394d8      0x6c0 ./Src/TinyEngine/codegen/Source/genModel.o
                0x080394d8                CHWweight31
 .rodata.offsetBias31
                0x08039b98      0x300 ./Src/TinyEngine/codegen/Source/genModel.o
                0x08039b98                offsetBias31
 .rodata.offsetRBias31
                0x08039e98      0x300 ./Src/TinyEngine/codegen/Source/genModel.o
                0x08039e98                offsetRBias31
 .rodata.shift31
                0x0803a198      0x300 ./Src/TinyEngine/codegen/Source/genModel.o
                0x0803a198                shift31
 .rodata.multiplier31
                0x0803a498      0x300 ./Src/TinyEngine/codegen/Source/genModel.o
                0x0803a498                multiplier31
 .rodata.weight32
                0x0803a798     0x2400 ./Src/TinyEngine/codegen/Source/genModel.o
                0x0803a798                weight32
 .rodata.bias32
                0x0803cb98       0xc0 ./Src/TinyEngine/codegen/Source/genModel.o
                0x0803cb98                bias32
 .rodata.shift32
                0x0803cc58       0xc0 ./Src/TinyEngine/codegen/Source/genModel.o
                0x0803cc58                shift32
 .rodata.multiplier32
                0x0803cd18       0xc0 ./Src/TinyEngine/codegen/Source/genModel.o
                0x0803cd18                multiplier32
 .rodata.weight33
                0x0803cdd8     0x2d00 ./Src/TinyEngine/codegen/Source/genModel.o
                0x0803cdd8                weight33
 .rodata.bias33
                0x0803fad8      0x3c0 ./Src/TinyEngine/codegen/Source/genModel.o
                0x0803fad8                bias33
 .rodata.shift33
                0x0803fe98      0x3c0 ./Src/TinyEngine/codegen/Source/genModel.o
                0x0803fe98                shift33
 .rodata.multiplier33
                0x08040258      0x3c0 ./Src/TinyEngine/codegen/Source/genModel.o
                0x08040258                multiplier33
 .rodata.CHWweight34
                0x08040618     0x1770 ./Src/TinyEngine/codegen/Source/genModel.o
                0x08040618                CHWweight34
 .rodata.offsetBias34
                0x08041d88      0x3c0 ./Src/TinyEngine/codegen/Source/genModel.o
                0x08041d88                offsetBias34
 .rodata.offsetRBias34
                0x08042148      0x3c0 ./Src/TinyEngine/codegen/Source/genModel.o
                0x08042148                offsetRBias34
 .rodata.shift34
                0x08042508      0x3c0 ./Src/TinyEngine/codegen/Source/genModel.o
                0x08042508                shift34
 .rodata.multiplier34
                0x080428c8      0x3c0 ./Src/TinyEngine/codegen/Source/genModel.o
                0x080428c8                multiplier34
 .rodata.weight35
                0x08042c88     0x5a00 ./Src/TinyEngine/codegen/Source/genModel.o
                0x08042c88                weight35
 .rodata.bias35
                0x08048688      0x180 ./Src/TinyEngine/codegen/Source/genModel.o
                0x08048688                bias35
 .rodata.shift35
                0x08048808      0x180 ./Src/TinyEngine/codegen/Source/genModel.o
                0x08048808                shift35
 .rodata.multiplier35
                0x08048988      0x180 ./Src/TinyEngine/codegen/Source/genModel.o
                0x08048988                multiplier35
 .rodata.weight36
                0x08048b08     0xb400 ./Src/TinyEngine/codegen/Source/genModel.o
                0x08048b08                weight36
 .rodata.bias36
                0x08053f08      0x780 ./Src/TinyEngine/codegen/Source/genModel.o
                0x08053f08                bias36
 .rodata.shift36
                0x08054688      0x780 ./Src/TinyEngine/codegen/Source/genModel.o
                0x08054688                shift36
 .rodata.multiplier36
                0x08054e08      0x780 ./Src/TinyEngine/codegen/Source/genModel.o
                0x08054e08                multiplier36
 .rodata.CHWweight37
                0x08055588     0x10e0 ./Src/TinyEngine/codegen/Source/genModel.o
                0x08055588                CHWweight37
 .rodata.offsetBias37
                0x08056668      0x780 ./Src/TinyEngine/codegen/Source/genModel.o
                0x08056668                offsetBias37
 .rodata.offsetRBias37
                0x08056de8      0x780 ./Src/TinyEngine/codegen/Source/genModel.o
                0x08056de8                offsetRBias37
 .rodata.shift37
                0x08057568      0x780 ./Src/TinyEngine/codegen/Source/genModel.o
                0x08057568                shift37
 .rodata.multiplier37
                0x08057ce8      0x780 ./Src/TinyEngine/codegen/Source/genModel.o
                0x08057ce8                multiplier37
 .rodata.weight38
                0x08058468     0xb400 ./Src/TinyEngine/codegen/Source/genModel.o
                0x08058468                weight38
 .rodata.bias38
                0x08063868      0x180 ./Src/TinyEngine/codegen/Source/genModel.o
                0x08063868                bias38
 .rodata.shift38
                0x080639e8      0x180 ./Src/TinyEngine/codegen/Source/genModel.o
                0x080639e8                shift38
 .rodata.multiplier38
                0x08063b68      0x180 ./Src/TinyEngine/codegen/Source/genModel.o
                0x08063b68                multiplier38
 .rodata.weight39
                0x08063ce8     0x9000 ./Src/TinyEngine/codegen/Source/genModel.o
                0x08063ce8                weight39
 .rodata.bias39
                0x0806cce8      0x600 ./Src/TinyEngine/codegen/Source/genModel.o
                0x0806cce8                bias39
 .rodata.shift39
                0x0806d2e8      0x600 ./Src/TinyEngine/codegen/Source/genModel.o
                0x0806d2e8                shift39
 .rodata.multiplier39
                0x0806d8e8      0x600 ./Src/TinyEngine/codegen/Source/genModel.o
                0x0806d8e8                multiplier39
 .rodata.CHWweight40
                0x0806dee8      0xd80 ./Src/TinyEngine/codegen/Source/genModel.o
                0x0806dee8                CHWweight40
 .rodata.offsetBias40
                0x0806ec68      0x600 ./Src/TinyEngine/codegen/Source/genModel.o
                0x0806ec68                offsetBias40
 .rodata.offsetRBias40
                0x0806f268      0x600 ./Src/TinyEngine/codegen/Source/genModel.o
                0x0806f268                offsetRBias40
 .rodata.shift40
                0x0806f868      0x600 ./Src/TinyEngine/codegen/Source/genModel.o
                0x0806f868                shift40
 .rodata.multiplier40
                0x0806fe68      0x600 ./Src/TinyEngine/codegen/Source/genModel.o
                0x0806fe68                multiplier40
 .rodata.weight41
                0x08070468     0x9000 ./Src/TinyEngine/codegen/Source/genModel.o
                0x08070468                weight41
 .rodata.bias41
                0x08079468      0x180 ./Src/TinyEngine/codegen/Source/genModel.o
                0x08079468                bias41
 .rodata.shift41
                0x080795e8      0x180 ./Src/TinyEngine/codegen/Source/genModel.o
                0x080795e8                shift41
 .rodata.multiplier41
                0x08079768      0x180 ./Src/TinyEngine/codegen/Source/genModel.o
                0x08079768                multiplier41
 .rodata.weight42
                0x080798e8     0x6c00 ./Src/TinyEngine/codegen/Source/genModel.o
                0x080798e8                weight42
 .rodata.bias42
                0x080804e8      0x480 ./Src/TinyEngine/codegen/Source/genModel.o
                0x080804e8                bias42
 .rodata.shift42
                0x08080968      0x480 ./Src/TinyEngine/codegen/Source/genModel.o
                0x08080968                shift42
 .rodata.multiplier42
                0x08080de8      0x480 ./Src/TinyEngine/codegen/Source/genModel.o
                0x08080de8                multiplier42
 .rodata.CHWweight43
                0x08081268     0x3720 ./Src/TinyEngine/codegen/Source/genModel.o
                0x08081268                CHWweight43
 .rodata.offsetBias43
                0x08084988      0x480 ./Src/TinyEngine/codegen/Source/genModel.o
                0x08084988                offsetBias43
 .rodata.offsetRBias43
                0x08084e08      0x480 ./Src/TinyEngine/codegen/Source/genModel.o
                0x08084e08                offsetRBias43
 .rodata.shift43
                0x08085288      0x480 ./Src/TinyEngine/codegen/Source/genModel.o
                0x08085288                shift43
 .rodata.multiplier43
                0x08085708      0x480 ./Src/TinyEngine/codegen/Source/genModel.o
                0x08085708                multiplier43
 .rodata.weight44
                0x08085b88     0xb400 ./Src/TinyEngine/codegen/Source/genModel.o
                0x08085b88                weight44
 .rodata.bias44
                0x08090f88      0x280 ./Src/TinyEngine/codegen/Source/genModel.o
                0x08090f88                bias44
 .rodata.shift44
                0x08091208      0x280 ./Src/TinyEngine/codegen/Source/genModel.o
                0x08091208                shift44
 .rodata.multiplier44
                0x08091488      0x280 ./Src/TinyEngine/codegen/Source/genModel.o
                0x08091488                multiplier44
 .rodata.weight45
                0x08091708      0x140 ./Src/TinyEngine/codegen/Source/genModel.o
                0x08091708                weight45
 .rodata.bias45
                0x08091848        0x8 ./Src/TinyEngine/codegen/Source/genModel.o
                0x08091848                bias45
 .rodata.shift45